Component: ARM Compiler 5.06 update 7 (build 960) Tool: armlink [4d3601]

==============================================================================

Section Cross References

    system_apm32f00x.o(i.ConfigMasterClock) refers to system_apm32f00x.o(i.MasterClock24M) for MasterClock24M
    system_apm32f00x.o(i.SystemInit) refers to system_apm32f00x.o(i.ConfigMasterClock) for ConfigMasterClock
    startup_apm32f0xx.o(STACK) refers (Special) to heapauxi.o(.text) for __use_two_region_memory
    startup_apm32f0xx.o(HEAP) refers (Special) to heapauxi.o(.text) for __use_two_region_memory
    startup_apm32f0xx.o(RESET) refers (Special) to heapauxi.o(.text) for __use_two_region_memory
    startup_apm32f0xx.o(RESET) refers to startup_apm32f0xx.o(STACK) for __initial_sp
    startup_apm32f0xx.o(RESET) refers to startup_apm32f0xx.o(.text) for Reset_Handler
    startup_apm32f0xx.o(RESET) refers to apm32f00x_int.o(i.NMI_Handler) for NMI_Handler
    startup_apm32f0xx.o(RESET) refers to apm32f00x_int.o(i.HardFault_Handler) for HardFault_Handler
    startup_apm32f0xx.o(RESET) refers to apm32f00x_int.o(i.SVC_Handler) for SVC_Handler
    startup_apm32f0xx.o(RESET) refers to apm32f00x_int.o(i.PendSV_Handler) for PendSV_Handler
    startup_apm32f0xx.o(RESET) refers to apm32f00x_int.o(i.SysTick_Handler) for SysTick_Handler
    startup_apm32f0xx.o(RESET) refers to ir_handler.o(i.EINTA_IRQHandler) for EINTA_IRQHandler
    startup_apm32f0xx.o(RESET) refers to ir_handler.o(i.TMR1_UT_IRQHandler) for TMR1_UT_IRQHandler
    startup_apm32f0xx.o(RESET) refers to apm32f00x_int.o(i.ADC_IRQHandler) for ADC_IRQHandler
    startup_apm32f0xx.o(.text) refers (Special) to heapauxi.o(.text) for __use_two_region_memory
    startup_apm32f0xx.o(.text) refers to startup_apm32f0xx.o(STACK) for __initial_sp
    startup_apm32f0xx.o(.text) refers to system_apm32f00x.o(i.SystemInit) for SystemInit
    startup_apm32f0xx.o(.text) refers to __main.o(!!!main) for __main
    startup_apm32f0xx.o(.text) refers to startup_apm32f0xx.o(HEAP) for Heap_Mem
    apm32f00x_adc.o(i.ADC_Config) refers to apm32f00x_adc.o(i.ADC_SetChannel) for ADC_SetChannel
    apm32f00x_buzzer.o(i.BUZZER_CalibrationLIRC) refers to aeabi_sdiv.o(.text) for __aeabi_uidivmod
    apm32f00x_fmc.o(i.FMC_ConfigOptionByteAFR) refers to apm32f00x_fmc.o(i.FMC_WaitForReady) for FMC_WaitForReady
    apm32f00x_fmc.o(i.FMC_ConfigOptionByteClk) refers to apm32f00x_fmc.o(i.FMC_WaitForReady) for FMC_WaitForReady
    apm32f00x_fmc.o(i.FMC_ConfigOptionByteHXTCNT) refers to apm32f00x_fmc.o(i.FMC_WaitForReady) for FMC_WaitForReady
    apm32f00x_fmc.o(i.FMC_ConfigOptionByteUser) refers to apm32f00x_fmc.o(i.FMC_WaitForReady) for FMC_WaitForReady
    apm32f00x_fmc.o(i.FMC_ConfigReadOutProtection) refers to apm32f00x_fmc.o(i.FMC_WaitForReady) for FMC_WaitForReady
    apm32f00x_fmc.o(i.FMC_EnableWriteProtection) refers to apm32f00x_fmc.o(i.FMC_WaitForReady) for FMC_WaitForReady
    apm32f00x_fmc.o(i.FMC_EraseAllPages) refers to apm32f00x_fmc.o(i.FMC_WaitForReady) for FMC_WaitForReady
    apm32f00x_fmc.o(i.FMC_EraseOptionByte) refers to apm32f00x_fmc.o(i.FMC_WaitForReady) for FMC_WaitForReady
    apm32f00x_fmc.o(i.FMC_ErasePage) refers to apm32f00x_fmc.o(i.FMC_WaitForReady) for FMC_WaitForReady
    apm32f00x_fmc.o(i.FMC_ProgramHalfWord) refers to apm32f00x_fmc.o(i.FMC_WaitForReady) for FMC_WaitForReady
    apm32f00x_fmc.o(i.FMC_ProgramOptionByte) refers to apm32f00x_fmc.o(i.FMC_WaitForReady) for FMC_WaitForReady
    apm32f00x_fmc.o(i.FMC_ProgramWord) refers to apm32f00x_fmc.o(i.FMC_WaitForReady) for FMC_WaitForReady
    apm32f00x_fmc.o(i.FMC_WaitForReady) refers to apm32f00x_fmc.o(i.FMC_ReadState) for FMC_ReadState
    apm32f00x_i2c.o(i.I2C_Config) refers to aeabi_sdiv.o(.text) for __aeabi_uidivmod
    apm32f00x_misc.o(i.NVIC_EnableIRQRequest) refers to apm32f00x_misc.o(i.__NVIC_SetPriority) for __NVIC_SetPriority
    apm32f00x_rcm.o(i.RCM_GetMasterClockFreq) refers to aeabi_sdiv.o(.text) for __aeabi_uidivmod
    apm32f00x_tmr1.o(i.TMR1_ConfigExternalClockMode1) refers to apm32f00x_tmr1.o(i.TMR1_ConfigInputCapture2) for TMR1_ConfigInputCapture2
    apm32f00x_tmr1.o(i.TMR1_ConfigExternalClockMode1) refers to apm32f00x_tmr1.o(i.TMR1_ConfigInputCapture1) for TMR1_ConfigInputCapture1
    apm32f00x_tmr1.o(i.TMR1_ConfigExternalClockMode2) refers to apm32f00x_tmr1.o(i.TMR1_ConfigExternalTrigger) for TMR1_ConfigExternalTrigger
    apm32f00x_tmr1.o(i.TMR1_ConfigInputCapture) refers to apm32f00x_tmr1.o(i.TMR1_EnableChannel) for TMR1_EnableChannel
    apm32f00x_tmr1.o(i.TMR1_ConfigInputCapture) refers to apm32f00x_tmr1.o(i.TMR1_ConfigInputCapture1) for TMR1_ConfigInputCapture1
    apm32f00x_tmr1.o(i.TMR1_ConfigInputCapture) refers to apm32f00x_tmr1.o(i.TMR1_ConfigInputCapture2) for TMR1_ConfigInputCapture2
    apm32f00x_tmr1.o(i.TMR1_ConfigInputCapture) refers to apm32f00x_tmr1.o(i.TMR1_ConfigInputCapture3) for TMR1_ConfigInputCapture3
[...]
    Removing apm32f00x_tmr1.o(i.TMR1_SelectOffStateInRunMode), (20 bytes).
    Removing apm32f00x_tmr1.o(i.TMR1_SetAutoReloadVaue), (12 bytes).
    Removing apm32f00x_tmr1.o(i.TMR1_SetCompareCapture), (74 bytes).
    Removing apm32f00x_tmr1.o(i.TMR1_SetCounter), (12 bytes).
    Removing apm32f00x_tmr1.o(i.TMR1_SetDeadTime), (4 bytes).
    Removing apm32f00x_tmr1.o(i.TMR1_SetDivider), (12 bytes).
    Removing apm32f00x_tmr1.o(i.TMR1_SetInputCaptureDivider), (100 bytes).
    Removing apm32f00x_tmr2.o(.rev16_text), (4 bytes).
    Removing apm32f00x_tmr2.o(.revsh_text), (4 bytes).
    Removing apm32f00x_tmr2.o(i.TMR2_ClearIntFlag), (16 bytes).
    Removing apm32f00x_tmr2.o(i.TMR2_ClearStatusFlag), (44 bytes).
    Removing apm32f00x_tmr2.o(i.TMR2_ConfigInputCapture), (72 bytes).
    Removing apm32f00x_tmr2.o(i.TMR2_ConfigInputCapture1), (100 bytes).
    Removing apm32f00x_tmr2.o(i.TMR2_ConfigInputCapture2), (100 bytes).
    Removing apm32f00x_tmr2.o(i.TMR2_ConfigInputCapture3), (100 bytes).
    Removing apm32f00x_tmr2.o(i.TMR2_ConfigInputPWM), (88 bytes).
    Removing apm32f00x_tmr2.o(i.TMR2_ConfigInputTrigger), (28 bytes).
    Removing apm32f00x_tmr2.o(i.TMR2_ConfigMasterMode), (28 bytes).
    Removing apm32f00x_tmr2.o(i.TMR2_ConfigOutputCompareMode), (92 bytes).
    Removing apm32f00x_tmr2.o(i.TMR2_ConfigOutputComparePolarity), (92 bytes).
    Removing apm32f00x_tmr2.o(i.TMR2_ConfigSlaveMode), (24 bytes).
    Removing apm32f00x_tmr2.o(i.TMR2_ConfigUpdate), (48 bytes).
    Removing apm32f00x_tmr2.o(i.TMR2_Disable), (20 bytes).
    Removing apm32f00x_tmr2.o(i.TMR2_DisableAutoReloadBuffer), (20 bytes).
    Removing apm32f00x_tmr2.o(i.TMR2_DisableInterrupt), (16 bytes).
    Removing apm32f00x_tmr2.o(i.TMR2_DisableMasterMode), (20 bytes).
    Removing apm32f00x_tmr2.o(i.TMR2_DisableOutputCompareBuffer), (68 bytes).
    Removing apm32f00x_tmr2.o(i.TMR2_DisableSinglePulseMode), (20 bytes).
    Removing apm32f00x_tmr2.o(i.TMR2_EnableAutoReloadBuffer), (20 bytes).
    Removing apm32f00x_tmr2.o(i.TMR2_EnableInterrupt), (16 bytes).
    Removing apm32f00x_tmr2.o(i.TMR2_EnableMasterMode), (20 bytes).
    Removing apm32f00x_tmr2.o(i.TMR2_EnableOutputCompareBuffer), (72 bytes).
    Removing apm32f00x_tmr2.o(i.TMR2_EnableSinglePulseMode), (20 bytes).
    Removing apm32f00x_tmr2.o(i.TMR2_GenerateEvent), (12 bytes).
    Removing apm32f00x_tmr2.o(i.TMR2_ICStructInit), (18 bytes).
    Removing apm32f00x_tmr2.o(i.TMR2_OCStructInit), (18 bytes).
    Removing apm32f00x_tmr2.o(i.TMR2_ReadCapture1), (28 bytes).
    Removing apm32f00x_tmr2.o(i.TMR2_ReadCapture2), (28 bytes).
    Removing apm32f00x_tmr2.o(i.TMR2_ReadCapture3), (28 bytes).
    Removing apm32f00x_tmr2.o(i.TMR2_ReadCompareCapture), (38 bytes).
    Removing apm32f00x_tmr2.o(i.TMR2_ReadCounter), (28 bytes).
    Removing apm32f00x_tmr2.o(i.TMR2_ReadDivider), (12 bytes).
    Removing apm32f00x_tmr2.o(i.TMR2_ReadIntFlag), (40 bytes).
    Removing apm32f00x_tmr2.o(i.TMR2_ReadStatusFlag), (60 bytes).
    Removing apm32f00x_tmr2.o(i.TMR2_Reset), (80 bytes).
    Removing apm32f00x_tmr2.o(i.TMR2_SetAutoReloadVaue), (24 bytes).
    Removing apm32f00x_tmr2.o(i.TMR2_SetCounter), (20 bytes).
    Removing apm32f00x_tmr2.o(i.TMR2_SetDivider), (16 bytes).
    Removing apm32f00x_tmr2.o(i.TMR2_SetInputCaptureDivider), (92 bytes).
    Removing apm32f00x_tmr4.o(.rev16_text), (4 bytes).
    Removing apm32f00x_tmr4.o(.revsh_text), (4 bytes).
    Removing apm32f00x_tmr4.o(i.TMR4_ClearIntFlag), (16 bytes).
    Removing apm32f00x_tmr4.o(i.TMR4_ClearStatusFlag), (16 bytes).
    Removing apm32f00x_tmr4.o(i.TMR4_ConfigInputTrigger), (28 bytes).
    Removing apm32f00x_tmr4.o(i.TMR4_ConfigMasterMode), (28 bytes).
    Removing apm32f00x_tmr4.o(i.TMR4_ConfigSlaveMode), (24 bytes).
    Removing apm32f00x_tmr4.o(i.TMR4_ConfigTimerBase), (12 bytes).
    Removing apm32f00x_tmr4.o(i.TMR4_ConfigUpdate), (48 bytes).
    Removing apm32f00x_tmr4.o(i.TMR4_Disable), (20 bytes).
    Removing apm32f00x_tmr4.o(i.TMR4_DisableAutoReloadBuffer), (20 bytes).
    Removing apm32f00x_tmr4.o(i.TMR4_DisableInterrupt), (16 bytes).
    Removing apm32f00x_tmr4.o(i.TMR4_DisableMasterMode), (20 bytes).
    Removing apm32f00x_tmr4.o(i.TMR4_DisableSinglePulseMode), (20 bytes).
    Removing apm32f00x_tmr4.o(i.TMR4_Enable), (20 bytes).
    Removing apm32f00x_tmr4.o(i.TMR4_EnableAutoReloadBuffer), (20 bytes).
    Removing apm32f00x_tmr4.o(i.TMR4_EnableInterrupt), (16 bytes).
    Removing apm32f00x_tmr4.o(i.TMR4_EnableMasterMode), (20 bytes).
    Removing apm32f00x_tmr4.o(i.TMR4_EnableSinglePulseMode), (20 bytes).
    Removing apm32f00x_tmr4.o(i.TMR4_GenerateEvent), (12 bytes).
    Removing apm32f00x_tmr4.o(i.TMR4_ReadCounter), (12 bytes).
    Removing apm32f00x_tmr4.o(i.TMR4_ReadDivider), (12 bytes).
    Removing apm32f00x_tmr4.o(i.TMR4_ReadIntFlag), (40 bytes).
    Removing apm32f00x_tmr4.o(i.TMR4_ReadStatusFlag), (28 bytes).
    Removing apm32f00x_tmr4.o(i.TMR4_Reset), (32 bytes).
    Removing apm32f00x_tmr4.o(i.TMR4_SetAutoReloadVaue), (12 bytes).
    Removing apm32f00x_tmr4.o(i.TMR4_SetCounter), (12 bytes).
    Removing apm32f00x_tmr4.o(i.TMR4_SetDivider), (16 bytes).
    Removing apm32f00x_usart.o(.rev16_text), (4 bytes).
    Removing apm32f00x_usart.o(.revsh_text), (4 bytes).
    Removing apm32f00x_usart.o(i.USART_Address), (16 bytes).
    Removing apm32f00x_usart.o(i.USART_ClearIntFlag), (36 bytes).
    Removing apm32f00x_usart.o(i.USART_ClearStatusFlag), (36 bytes).
    Removing apm32f00x_usart.o(i.USART_Config), (212 bytes).
    Removing apm32f00x_usart.o(i.USART_ConfigDivNumber), (14 bytes).
    Removing apm32f00x_usart.o(i.USART_ConfigGuardTime), (14 bytes).
    Removing apm32f00x_usart.o(i.USART_ConfigIrDA), (20 bytes).
    Removing apm32f00x_usart.o(i.USART_ConfigLINBreakDetectLength), (20 bytes).
    Removing apm32f00x_usart.o(i.USART_ConfigMuteModeWakeUp), (20 bytes).
    Removing apm32f00x_usart.o(i.USART_ConfigStructInit), (24 bytes).
    Removing apm32f00x_usart.o(i.USART_ConfigSyncClock), (74 bytes).
    Removing apm32f00x_usart.o(i.USART_ConfigSyncClockStructInit), (14 bytes).
    Removing apm32f00x_usart.o(i.USART_Disable), (12 bytes).
    Removing apm32f00x_usart.o(i.USART_DisableHalfDuplex), (10 bytes).
    Removing apm32f00x_usart.o(i.USART_DisableInterrupt), (56 bytes).
    Removing apm32f00x_usart.o(i.USART_DisableIrDA), (10 bytes).
    Removing apm32f00x_usart.o(i.USART_DisableLIN), (10 bytes).
    Removing apm32f00x_usart.o(i.USART_DisableMuteMode), (10 bytes).
    Removing apm32f00x_usart.o(i.USART_DisableSmartCard), (10 bytes).
    Removing apm32f00x_usart.o(i.USART_DisableSmartCardNACK), (10 bytes).
    Removing apm32f00x_usart.o(i.USART_Enable), (10 bytes).
    Removing apm32f00x_usart.o(i.USART_EnableHalfDuplex), (12 bytes).
    Removing apm32f00x_usart.o(i.USART_EnableInterrupt), (56 bytes).
    Removing apm32f00x_usart.o(i.USART_EnableIrDA), (12 bytes).
    Removing apm32f00x_usart.o(i.USART_EnableLIN), (12 bytes).
    Removing apm32f00x_usart.o(i.USART_EnableMuteMode), (12 bytes).
    Removing apm32f00x_usart.o(i.USART_EnableSmartCard), (12 bytes).
    Removing apm32f00x_usart.o(i.USART_EnableSmartCardNACK), (12 bytes).
    Removing apm32f00x_usart.o(i.USART_ReadIntFlag), (76 bytes).
    Removing apm32f00x_usart.o(i.USART_Reset), (52 bytes).
    Removing apm32f00x_usart.o(i.USART_RxData8), (8 bytes).
    Removing apm32f00x_usart.o(i.USART_RxData9), (20 bytes).
    Removing apm32f00x_usart.o(i.USART_TxBreak), (12 bytes).
    Removing apm32f00x_usart.o(i.USART_TxData9), (34 bytes).
    Removing apm32f00x_wupt.o(.rev16_text), (4 bytes).
    Removing apm32f00x_wupt.o(.revsh_text), (4 bytes).
    Removing apm32f00x_wupt.o(i.WUPT_CalibrationLIRC), (60 bytes).
    Removing apm32f00x_wupt.o(i.WUPT_Config), (44 bytes).
    Removing apm32f00x_wupt.o(i.WUPT_Disable), (20 bytes).
    Removing apm32f00x_wupt.o(i.WUPT_Enable), (20 bytes).
    Removing apm32f00x_wupt.o(i.WUPT_EnterIdleMode), (24 bytes).
    Removing apm32f00x_wupt.o(i.WUPT_ReadIntFlag), (24 bytes).
    Removing apm32f00x_wupt.o(i.WUPT_Reset), (20 bytes).
    Removing apm32f00x_wupt.o(.constdata), (34 bytes).
    Removing apm32f00x_wwdt.o(.rev16_text), (4 bytes).
    Removing apm32f00x_wwdt.o(.revsh_text), (4 bytes).
    Removing apm32f00x_wwdt.o(i.WWDT_Config), (40 bytes).
    Removing apm32f00x_wwdt.o(i.WWDT_ReadCounter), (16 bytes).
    Removing apm32f00x_wwdt.o(i.WWDT_SetCounter), (16 bytes).
    Removing apm32f00x_wwdt.o(i.WWDT_SetWidowData), (20 bytes).
    Removing apm32f00x_wwdt.o(i.WWDT_SoftwareReset), (12 bytes).
    Removing main.o(.rev16_text), (4 bytes).
    Removing main.o(.revsh_text), (4 bytes).
    Removing apm32f00x_int.o(.rev16_text), (4 bytes).
    Removing apm32f00x_int.o(.revsh_text), (4 bytes).
    Removing gpio.o(.rev16_text), (4 bytes).
    Removing gpio.o(.revsh_text), (4 bytes).
    Removing adc_handler.o(.rev16_text), (4 bytes).
    Removing adc_handler.o(.revsh_text), (4 bytes).
    Removing motor_ctrl.o(.rev16_text), (4 bytes).
    Removing motor_ctrl.o(.revsh_text), (4 bytes).
    Removing light_control.o(.rev16_text), (4 bytes).
    Removing light_control.o(.revsh_text), (4 bytes).
    Removing ir_handler.o(.rev16_text), (4 bytes).
    Removing ir_handler.o(.revsh_text), (4 bytes).
    Removing ir_handler.o(i.ProcessSignalIrRemote), (132 bytes).
    Removing ir_handler.o(i.XuLyChuKyIR), (232 bytes).
    Removing uart.o(.rev16_text), (4 bytes).
    Removing uart.o(.revsh_text), (4 bytes).
    Removing uart.o(i.InitUART), (112 bytes).
    Removing uart.o(i.UART_Putb), (30 bytes).
    Removing control_led.o(.rev16_text), (4 bytes).
    Removing control_led.o(.revsh_text), (4 bytes).

383 unused section(s) (total 12476 bytes) removed from the image.

==============================================================================

Image Symbol Table

    Local Symbols

    Symbol Name                              Value     Ov Type        Size  Object(Section)

    RESET                                    0x00000000   Section      188  startup_apm32f0xx.o(RESET)
    ../clib/angel/boardlib.s                 0x00000000   Number         0  boardshut.o ABSOLUTE
    ../clib/angel/boardlib.s                 0x00000000   Number         0  boardinit2.o ABSOLUTE
    ../clib/angel/boardlib.s                 0x00000000   Number         0  boardinit3.o ABSOLUTE
    ../clib/angel/boardlib.s                 0x00000000   Number         0  boardinit1.o ABSOLUTE
    ../clib/angel/handlers.s                 0x00000000   Number         0  __scatter_zi.o ABSOLUTE
    ../clib/angel/handlers.s                 0x00000000   Number         0  __scatter_copy.o ABSOLUTE
    ../clib/angel/kernel.s                   0x00000000   Number         0  __rtentry4.o ABSOLUTE
    ../clib/angel/kernel.s                   0x00000000   Number         0  __rtentry.o ABSOLUTE
    ../clib/angel/kernel.s                   0x00000000   Number         0  __rtentry2.o ABSOLUTE
    ../clib/angel/kernel.s                   0x00000000   Number         0  rtexit.o ABSOLUTE
    ../clib/angel/kernel.s                   0x00000000   Number         0  rtexit2.o ABSOLUTE
    ../clib/angel/rt.s                       0x00000000   Number         0  aeabi_idiv0.o ABSOLUTE
    ../clib/angel/rt.s                       0x00000000   Number         0  rt_div0.o ABSOLUTE
    ../clib/angel/rt.s                       0x00000000   Number         0  rt_raise.o ABSOLUTE
    ../clib/angel/rt.s                       0x00000000   Number         0  aeabi_idiv0_sigfpe.o ABSOLUTE
    ../clib/angel/scatterp.s                 0x00000000   Number         0  __scatter.o ABSOLUTE
    ../clib/angel/startup.s                  0x00000000   Number         0  __main.o ABSOLUTE
    ../clib/angel/sys.s                      0x00000000   Number         0  sys_stackheap_outer.o ABSOLUTE
    ../clib/angel/sys.s                      0x00000000   Number         0  indicate_semi.o ABSOLUTE
    ../clib/angel/sys.s                      0x00000000   Number         0  use_no_semi.o ABSOLUTE
    ../clib/angel/sys.s                      0x00000000   Number         0  libspace.o ABSOLUTE
    ../clib/angel/sys.s                      0x00000000   Number         0  tempstk.o ABSOLUTE
    ../clib/angel/sysapp.c                   0x00000000   Number         0  sys_wrch.o ABSOLUTE
    ../clib/angel/sysapp.c                   0x00000000   Number         0  sys_exit.o ABSOLUTE
    ../clib/angel/sysapp.c                   0x00000000   Number         0  sys_command.o ABSOLUTE
    ../clib/armsys.c                         0x00000000   Number         0  no_argv.o ABSOLUTE
    ../clib/armsys.c                         0x00000000   Number         0  _get_argv_nomalloc.o ABSOLUTE
    ../clib/armsys.c                         0x00000000   Number         0  argv_veneer.o ABSOLUTE
    ../clib/division.s                       0x00000000   Number         0  aeabi_sdiv.o ABSOLUTE
    ../clib/division.s                       0x00000000   Number         0  aeabi_sdiv_div0.o ABSOLUTE
    ../clib/heapalloc.c                      0x00000000   Number         0  hrguard.o ABSOLUTE
    ../clib/heapaux.c                        0x00000000   Number         0  heapauxi.o ABSOLUTE
    ../clib/libinit.s                        0x00000000   Number         0  libinit2.o ABSOLUTE
    ../clib/libinit.s                        0x00000000   Number         0  libshutdown.o ABSOLUTE
    ../clib/libinit.s                        0x00000000   Number         0  libshutdown2.o ABSOLUTE
    ../clib/libinit.s                        0x00000000   Number         0  libinit.o ABSOLUTE
    ../clib/signal.c                         0x00000000   Number         0  defsig_fpe_outer.o ABSOLUTE
    ../clib/signal.c                         0x00000000   Number         0  defsig_other.o ABSOLUTE
    ../clib/signal.c                         0x00000000   Number         0  defsig_segv_inner.o ABSOLUTE
    ../clib/signal.c                         0x00000000   Number         0  __raise.o ABSOLUTE
    ../clib/signal.c                         0x00000000   Number         0  defsig_cppl_inner.o ABSOLUTE
    ../clib/signal.c                         0x00000000   Number         0  defsig_pvfn_inner.o ABSOLUTE
    ../clib/signal.c                         0x00000000   Number         0  defsig_stak_inner.o ABSOLUTE
    ../clib/signal.c                         0x00000000   Number         0  defsig_rtmem_formal.o ABSOLUTE
    ../clib/signal.c                         0x00000000   Number         0  defsig_rtmem_inner.o ABSOLUTE
    ../clib/signal.c                         0x00000000   Number         0  defsig_abrt_inner.o ABSOLUTE
    ../clib/signal.c                         0x00000000   Number         0  defsig_general.o ABSOLUTE
    ../clib/signal.c                         0x00000000   Number         0  defsig_rtred_inner.o ABSOLUTE
    ../clib/signal.c                         0x00000000   Number         0  defsig_rtmem_outer.o ABSOLUTE
    ../clib/signal.c                         0x00000000   Number         0  defsig_fpe_inner.o ABSOLUTE
    ../clib/signal.c                         0x00000000   Number         0  defsig_exit.o ABSOLUTE
    ../clib/signal.c                         0x00000000   Number         0  defsig_fpe_formal.o ABSOLUTE
    ../clib/signal.s                         0x00000000   Number         0  defsig.o ABSOLUTE
    ../clib/stdlib.c                         0x00000000   Number         0  exit.o ABSOLUTE
    ../fplib/cfplib/fpinit.c                 0x00000000   Number         0  fpinit.o ABSOLUTE
    ..\..\..\Library\APM32F00x_StdPeriphDriver\src\apm32f00x_adc.c 0x00000000   Number         0  apm32f00x_adc.o ABSOLUTE
    ..\..\..\Library\APM32F00x_StdPeriphDriver\src\apm32f00x_buzzer.c 0x00000000   Number         0  apm32f00x_buzzer.o ABSOLUTE
    ..\..\..\Library\APM32F00x_StdPeriphDriver\src\apm32f00x_eint.c 0x00000000   Number         0  apm32f00x_eint.o ABSOLUTE
    ..\..\..\Library\APM32F00x_StdPeriphDriver\src\apm32f00x_fmc.c 0x00000000   Number         0  apm32f00x_fmc.o ABSOLUTE
    ..\..\..\Library\APM32F00x_StdPeriphDriver\src\apm32f00x_gpio.c 0x00000000   Number         0  apm32f00x_gpio.o ABSOLUTE
    ..\..\..\Library\APM32F00x_StdPeriphDriver\src\apm32f00x_i2c.c 0x00000000   Number         0  apm32f00x_i2c.o ABSOLUTE
    ..\..\..\Library\APM32F00x_StdPeriphDriver\src\apm32f00x_iwdt.c 0x00000000   Number         0  apm32f00x_iwdt.o ABSOLUTE
    ..\..\..\Library\APM32F00x_StdPeriphDriver\src\apm32f00x_misc.c 0x00000000   Number         0  apm32f00x_misc.o ABSOLUTE
    ..\..\..\Library\APM32F00x_StdPeriphDriver\src\apm32f00x_rcm.c 0x00000000   Number         0  apm32f00x_rcm.o ABSOLUTE
    ..\..\..\Library\APM32F00x_StdPeriphDriver\src\apm32f00x_spi.c 0x00000000   Number         0  apm32f00x_spi.o ABSOLUTE
    ..\..\..\Library\APM32F00x_StdPeriphDriver\src\apm32f00x_tmr1.c 0x00000000   Number         0  apm32f00x_tmr1.o ABSOLUTE
    ..\..\..\Library\APM32F00x_StdPeriphDriver\src\apm32f00x_tmr2.c 0x00000000   Number         0  apm32f00x_tmr2.o ABSOLUTE
    ..\..\..\Library\APM32F00x_StdPeriphDriver\src\apm32f00x_tmr4.c 0x00000000   Number         0  apm32f00x_tmr4.o ABSOLUTE
    ..\..\..\Library\APM32F00x_StdPeriphDriver\src\apm32f00x_usart.c 0x00000000   Number         0  apm32f00x_usart.o ABSOLUTE
    ..\..\..\Library\APM32F00x_StdPeriphDriver\src\apm32f00x_wupt.c 0x00000000   Number         0  apm32f00x_wupt.o ABSOLUTE
    ..\..\..\Library\APM32F00x_StdPeriphDriver\src\apm32f00x_wwdt.c 0x00000000   Number         0  apm32f00x_wwdt.o ABSOLUTE
    ..\..\..\Library\Device\Geehy\APM32F00x\Source\arm\startup_apm32f0xx.s 0x00000000   Number         0  startup_apm32f0xx.o ABSOLUTE
    ..\..\..\Library\Device\Geehy\APM32F00x\Source\system_apm32f00x.c 0x00000000   Number         0  system_apm32f00x.o ABSOLUTE
    ..\..\Source\apm32f00x_int.c             0x00000000   Number         0  apm32f00x_int.o ABSOLUTE
    ..\..\Source\main.c                      0x00000000   Number         0  main.o ABSOLUTE
    ..\ADC\adc_handler.c                     0x00000000   Number         0  adc_handler.o ABSOLUTE
    ..\IR\IR_Handler.c                       0x00000000   Number         0  ir_handler.o ABSOLUTE
    ..\\..\\..\\Library\\APM32F00x_StdPeriphDriver\\src\\apm32f00x_adc.c 0x00000000   Number         0  apm32f00x_adc.o ABSOLUTE
    ..\\..\\..\\Library\\APM32F00x_StdPeriphDriver\\src\\apm32f00x_buzzer.c 0x00000000   Number         0  apm32f00x_buzzer.o ABSOLUTE
    ..\\..\\..\\Library\\APM32F00x_StdPeriphDriver\\src\\apm32f00x_eint.c 0x00000000   Number         0  apm32f00x_eint.o ABSOLUTE
    ..\\..\\..\\Library\\APM32F00x_StdPeriphDriver\\src\\apm32f00x_fmc.c 0x00000000   Number         0  apm32f00x_fmc.o ABSOLUTE
    ..\\..\\..\\Library\\APM32F00x_StdPeriphDriver\\src\\apm32f00x_gpio.c 0x00000000   Number         0  apm32f00x_gpio.o ABSOLUTE
    ..\\..\\..\\Library\\APM32F00x_StdPeriphDriver\\src\\apm32f00x_i2c.c 0x00000000   Number         0  apm32f00x_i2c.o ABSOLUTE
    ..\\..\\..\\Library\\APM32F00x_StdPeriphDriver\\src\\apm32f00x_iwdt.c 0x00000000   Number         0  apm32f00x_iwdt.o ABSOLUTE
    ..\\..\\..\\Library\\APM32F00x_StdPeriphDriver\\src\\apm32f00x_misc.c 0x00000000   Number         0  apm32f00x_misc.o ABSOLUTE
    ..\\..\\..\\Library\\APM32F00x_StdPeriphDriver\\src\\apm32f00x_rcm.c 0x00000000   Number         0  apm32f00x_rcm.o ABSOLUTE
    ..\\..\\..\\Library\\APM32F00x_StdPeriphDriver\\src\\apm32f00x_spi.c 0x00000000   Number         0  apm32f00x_spi.o ABSOLUTE
    ..\\..\\..\\Library\\APM32F00x_StdPeriphDriver\\src\\apm32f00x_tmr1.c 0x00000000   Number         0  apm32f00x_tmr1.o ABSOLUTE
    ..\\..\\..\\Library\\APM32F00x_StdPeriphDriver\\src\\apm32f00x_tmr2.c 0x00000000   Number         0  apm32f00x_tmr2.o ABSOLUTE
    ..\\..\\..\\Library\\APM32F00x_StdPeriphDriver\\src\\apm32f00x_tmr4.c 0x00000000   Number         0  apm32f00x_tmr4.o ABSOLUTE
    ..\\..\\..\\Library\\APM32F00x_StdPeriphDriver\\src\\apm32f00x_usart.c 0x00000000   Number         0  apm32f00x_usart.o ABSOLUTE
    ..\\..\\..\\Library\\APM32F00x_StdPeriphDriver\\src\\apm32f00x_wupt.c 0x00000000   Number         0  apm32f00x_wupt.o ABSOLUTE
    ..\\..\\..\\Library\\APM32F00x_StdPeriphDriver\\src\\apm32f00x_wwdt.c 0x00000000   Number         0  apm32f00x_wwdt.o ABSOLUTE
    ..\\..\\..\\Library\\Device\\Geehy\\APM32F00x\\Source\\system_apm32f00x.c 0x00000000   Number         0  system_apm32f00x.o ABSOLUTE
    ..\\..\\Source\\apm32f00x_int.c          0x00000000   Number         0  apm32f00x_int.o ABSOLUTE
    ..\\..\\Source\\main.c                   0x00000000   Number         0  main.o ABSOLUTE
    ..\\ADC\\adc_handler.c                   0x00000000   Number         0  adc_handler.o ABSOLUTE
    ..\\IR\\IR_Handler.c                     0x00000000   Number         0  ir_handler.o ABSOLUTE
    ..\\gpio\\gpio.c                         0x00000000   Number         0  gpio.o ABSOLUTE
    ..\\led\\control_led.c                   0x00000000   Number         0  control_led.o ABSOLUTE
    ..\\light_control\\light_control.c       0x00000000   Number         0  light_control.o ABSOLUTE
    ..\\motor_control\\motor_ctrl.c          0x00000000   Number         0  motor_ctrl.o ABSOLUTE
    ..\\uart\\uart.c                         0x00000000   Number         0  uart.o ABSOLUTE
    ..\gpio\gpio.c                           0x00000000   Number         0  gpio.o ABSOLUTE
    ..\led\control_led.c                     0x00000000   Number         0  control_led.o ABSOLUTE
    ..\light_control\light_control.c         0x00000000   Number         0  light_control.o ABSOLUTE
    ..\motor_control\motor_ctrl.c            0x00000000   Number         0  motor_ctrl.o ABSOLUTE
    ..\uart\uart.c                           0x00000000   Number         0  uart.o ABSOLUTE
    dc.s                                     0x00000000   Number         0  dc.o ABSOLUTE
    !!!main                                  0x000000bc   Section        8  __main.o(!!!main)
    !!!scatter                               0x000000c4   Section       60  __scatter.o(!!!scatter)
    !!handler_copy                           0x00000100   Section       26  __scatter_copy.o(!!handler_copy)
    !!handler_zi                             0x0000011c   Section       28  __scatter_zi.o(!!handler_zi)
    .ARM.Collect$$libinit$$00000000          0x00000138   Section        2  libinit.o(.ARM.Collect$$libinit$$00000000)
    .ARM.Collect$$libinit$$00000002          0x0000013a   Section        0  libinit2.o(.ARM.Collect$$libinit$$00000002)
    .ARM.Collect$$libinit$$00000004          0x0000013a   Section        0  libinit2.o(.ARM.Collect$$libinit$$00000004)
    .ARM.Collect$$libinit$$0000000A          0x0000013a   Section        0  libinit2.o(.ARM.Collect$$libinit$$0000000A)
    .ARM.Collect$$libinit$$0000000C          0x0000013a   Section        0  libinit2.o(.ARM.Collect$$libinit$$0000000C)
    .ARM.Collect$$libinit$$0000000E          0x0000013a   Section        0  libinit2.o(.ARM.Collect$$libinit$$0000000E)
    .ARM.Collect$$libinit$$00000011          0x0000013a   Section        0  libinit2.o(.ARM.Collect$$libinit$$00000011)
    .ARM.Collect$$libinit$$00000013          0x0000013a   Section        0  libinit2.o(.ARM.Collect$$libinit$$00000013)
    .ARM.Collect$$libinit$$00000015          0x0000013a   Section        0  libinit2.o(.ARM.Collect$$libinit$$00000015)
    .ARM.Collect$$libinit$$00000017          0x0000013a   Section        0  libinit2.o(.ARM.Collect$$libinit$$00000017)
    .ARM.Collect$$libinit$$00000019          0x0000013a   Section        0  libinit2.o(.ARM.Collect$$libinit$$00000019)
    .ARM.Collect$$libinit$$0000001B          0x0000013a   Section        0  libinit2.o(.ARM.Collect$$libinit$$0000001B)
    .ARM.Collect$$libinit$$0000001D          0x0000013a   Section        0  libinit2.o(.ARM.Collect$$libinit$$0000001D)
    .ARM.Collect$$libinit$$0000001F          0x0000013a   Section        0  libinit2.o(.ARM.Collect$$libinit$$0000001F)
    .ARM.Collect$$libinit$$00000021          0x0000013a   Section        0  libinit2.o(.ARM.Collect$$libinit$$00000021)
    .ARM.Collect$$libinit$$00000023          0x0000013a   Section        0  libinit2.o(.ARM.Collect$$libinit$$00000023)
    .ARM.Collect$$libinit$$00000025          0x0000013a   Section        0  libinit2.o(.ARM.Collect$$libinit$$00000025)
    .ARM.Collect$$libinit$$0000002C          0x0000013a   Section        0  libinit2.o(.ARM.Collect$$libinit$$0000002C)
    .ARM.Collect$$libinit$$0000002E          0x0000013a   Section        0  libinit2.o(.ARM.Collect$$libinit$$0000002E)
    .ARM.Collect$$libinit$$00000030          0x0000013a   Section        0  libinit2.o(.ARM.Collect$$libinit$$00000030)
    .ARM.Collect$$libinit$$00000032          0x0000013a   Section        0  libinit2.o(.ARM.Collect$$libinit$$00000032)
    .ARM.Collect$$libinit$$00000033          0x0000013a   Section        2  libinit2.o(.ARM.Collect$$libinit$$00000033)
    .ARM.Collect$$libshutdown$$00000000      0x0000013c   Section        2  libshutdown.o(.ARM.Collect$$libshutdown$$00000000)
    .ARM.Collect$$libshutdown$$00000002      0x0000013e   Section        0  libshutdown2.o(.ARM.Collect$$libshutdown$$00000002)
    .ARM.Collect$$libshutdown$$00000004      0x0000013e   Section        0  libshutdown2.o(.ARM.Collect$$libshutdown$$00000004)
    .ARM.Collect$$libshutdown$$00000006      0x0000013e   Section        0  libshutdown2.o(.ARM.Collect$$libshutdown$$00000006)
    .ARM.Collect$$libshutdown$$00000009      0x0000013e   Section        0  libshutdown2.o(.ARM.Collect$$libshutdown$$00000009)
    .ARM.Collect$$libshutdown$$0000000C      0x0000013e   Section        0  libshutdown2.o(.ARM.Collect$$libshutdown$$0000000C)
    .ARM.Collect$$libshutdown$$0000000E      0x0000013e   Section        0  libshutdown2.o(.ARM.Collect$$libshutdown$$0000000E)
    .ARM.Collect$$libshutdown$$00000011      0x0000013e   Section        0  libshutdown2.o(.ARM.Collect$$libshutdown$$00000011)
    .ARM.Collect$$libshutdown$$00000012      0x0000013e   Section        2  libshutdown2.o(.ARM.Collect$$libshutdown$$00000012)
    .ARM.Collect$$rtentry$$00000000          0x00000140   Section        0  __rtentry.o(.ARM.Collect$$rtentry$$00000000)
    .ARM.Collect$$rtentry$$00000002          0x00000140   Section        0  __rtentry2.o(.ARM.Collect$$rtentry$$00000002)
    .ARM.Collect$$rtentry$$00000004          0x00000140   Section        6  __rtentry4.o(.ARM.Collect$$rtentry$$00000004)
    .ARM.Collect$$rtentry$$00000009          0x00000146   Section        0  __rtentry2.o(.ARM.Collect$$rtentry$$00000009)
    .ARM.Collect$$rtentry$$0000000A          0x00000146   Section        4  __rtentry2.o(.ARM.Collect$$rtentry$$0000000A)
    .ARM.Collect$$rtentry$$0000000C          0x0000014a   Section        0  __rtentry2.o(.ARM.Collect$$rtentry$$0000000C)
    .ARM.Collect$$rtentry$$0000000D          0x0000014a   Section        8  __rtentry2.o(.ARM.Collect$$rtentry$$0000000D)
    .ARM.Collect$$rtexit$$00000000           0x00000152   Section        2  rtexit.o(.ARM.Collect$$rtexit$$00000000)
    .ARM.Collect$$rtexit$$00000002           0x00000154   Section        0  rtexit2.o(.ARM.Collect$$rtexit$$00000002)
    .ARM.Collect$$rtexit$$00000003           0x00000154   Section        4  rtexit2.o(.ARM.Collect$$rtexit$$00000003)
    .ARM.Collect$$rtexit$$00000004           0x00000158   Section        6  rtexit2.o(.ARM.Collect$$rtexit$$00000004)
    .text                                    0x00000160   Section       68  startup_apm32f0xx.o(.text)
    .text                                    0x000001a4   Section      346  aeabi_sdiv.o(.text)
    .text                                    0x000002fe   Section        0  heapauxi.o(.text)
    .text                                    0x00000304   Section       62  sys_stackheap_outer.o(.text)
    .text                                    0x00000342   Section        0  exit.o(.text)
    .text                                    0x00000354   Section        8  libspace.o(.text)
    .text                                    0x0000035c   Section        0  sys_exit.o(.text)
    .text                                    0x00000368   Section        2  use_no_semi.o(.text)
    .text                                    0x0000036a   Section        0  indicate_semi.o(.text)
    i.ADCCalibration                         0x0000036a   Section        0  adc_handler.o(i.ADCCalibration)
    i.ADCInit                                0x000003d4   Section        0  adc_handler.o(i.ADCInit)
    i.ADCIsr                                 0x0000042c   Section        0  adc_handler.o(i.ADCIsr)
    i.ADC_ClearIntFlag                       0x00000468   Section        0  apm32f00x_adc.o(i.ADC_ClearIntFlag)
    i.ADC_ClearStatusFlag                    0x0000047c   Section        0  apm32f00x_adc.o(i.ADC_ClearStatusFlag)
    i.ADC_Config                             0x000004a8   Section        0  apm32f00x_adc.o(i.ADC_Config)
    i.ADC_ConfigStructInit                   0x00000564   Section        0  apm32f00x_adc.o(i.ADC_ConfigStructInit)
    i.ADC_Disable                            0x0000057c   Section        0  apm32f00x_adc.o(i.ADC_Disable)
    i.ADC_DisableCompensation                0x00000590   Section        0  apm32f00x_adc.o(i.ADC_DisableCompensation)
    i.ADC_Enable                             0x000005a4   Section        0  apm32f00x_adc.o(i.ADC_Enable)
    i.ADC_EnableCompensation                 0x000005b8   Section        0  apm32f00x_adc.o(i.ADC_EnableCompensation)
    i.ADC_IRQHandler                         0x000005cc   Section        0  apm32f00x_int.o(i.ADC_IRQHandler)
    i.ADC_ReadData                           0x000005d4   Section        0  apm32f00x_adc.o(i.ADC_ReadData)
    i.ADC_ReadIntFlag                        0x0000060c   Section        0  apm32f00x_adc.o(i.ADC_ReadIntFlag)
    i.ADC_ReadStatusFlag                     0x00000624   Section        0  apm32f00x_adc.o(i.ADC_ReadStatusFlag)
    i.ADC_SetChannel                         0x00000654   Section        0  apm32f00x_adc.o(i.ADC_SetChannel)
    i.ADC_SetMode                            0x000006a4   Section        0  apm32f00x_adc.o(i.ADC_SetMode)
    i.ADC_SetOffset                          0x000006c0   Section        0  apm32f00x_adc.o(i.ADC_SetOffset)
    i.ADC_StartConversion                    0x000006d0   Section        0  apm32f00x_adc.o(i.ADC_StartConversion)
    i.ConfigMasterClock                      0x000006e4   Section        0  system_apm32f00x.o(i.ConfigMasterClock)
    ConfigMasterClock                        0x000006e5   Thumb Code     8  system_apm32f00x.o(i.ConfigMasterClock)
    i.DC_Moto_Init                           0x000006ec   Section        0  motor_ctrl.o(i.DC_Moto_Init)
    i.DC_SetDuty                             0x0000071a   Section        0  motor_ctrl.o(i.DC_SetDuty)
    i.EINTA_IRQHandler                       0x00000748   Section        0  ir_handler.o(i.EINTA_IRQHandler)
    i.EINT_ClearIntFlag                      0x000007cc   Section        0  apm32f00x_eint.o(i.EINT_ClearIntFlag)
    i.EINT_Config                            0x000007dc   Section        0  apm32f00x_eint.o(i.EINT_Config)
    i.GPIO_ClearBit                          0x00000864   Section        0  apm32f00x_gpio.o(i.GPIO_ClearBit)
    i.GPIO_Config                            0x0000086c   Section        0  apm32f00x_gpio.o(i.GPIO_Config)
    i.GPIO_ReadInputBit                      0x000008ea   Section        0  apm32f00x_gpio.o(i.GPIO_ReadInputBit)
    i.GPIO_SetBit                            0x000008fe   Section        0  apm32f00x_gpio.o(i.GPIO_SetBit)
    i.GPIO_Toggle                            0x00000906   Section        0  apm32f00x_gpio.o(i.GPIO_Toggle)
    i.GetIRCommand                           0x00000910   Section        0  ir_handler.o(i.GetIRCommand)
    i.HardFault_Handler                      0x00000940   Section        0  apm32f00x_int.o(i.HardFault_Handler)
    i.IWDTInit                               0x00000942   Section        0  main.o(i.IWDTInit)
    i.IWDT_Enable                            0x00000964   Section        0  apm32f00x_iwdt.o(i.IWDT_Enable)
    i.IWDT_EnableWriteAccess                 0x00000970   Section        0  apm32f00x_iwdt.o(i.IWDT_EnableWriteAccess)
    i.IWDT_ReloadCounter                     0x0000097c   Section        0  apm32f00x_iwdt.o(i.IWDT_ReloadCounter)
    i.IWDT_SetDivider                        0x00000988   Section        0  apm32f00x_iwdt.o(i.IWDT_SetDivider)
    i.IWDT_SetReloadCounter                  0x00000994   Section        0  apm32f00x_iwdt.o(i.IWDT_SetReloadCounter)
    i.Ir_GPIO_Init                           0x000009a0   Section        0  ir_handler.o(i.Ir_GPIO_Init)
    i.Ir_Timer_Init                          0x000009d0   Section        0  ir_handler.o(i.Ir_Timer_Init)
    i.LIRCMeasurment                         0x00000a14   Section        0  main.o(i.LIRCMeasurment)
    i.Light_PWM_Init                         0x00000ab0   Section        0  light_control.o(i.Light_PWM_Init)
    i.Light_SetDuty                          0x00000ad6   Section        0  light_control.o(i.Light_SetDuty)
    i.MasterClock24M                         0x00000af4   Section        0  system_apm32f00x.o(i.MasterClock24M)
    MasterClock24M                           0x00000af5   Thumb Code    64  system_apm32f00x.o(i.MasterClock24M)
    i.NMI_Handler                            0x00000b3c   Section        0  apm32f00x_int.o(i.NMI_Handler)
    i.NVIC_EnableIRQRequest                  0x00000b40   Section        0  apm32f00x_misc.o(i.NVIC_EnableIRQRequest)
    i.PendSV_Handler                         0x00000b68   Section        0  apm32f00x_int.o(i.PendSV_Handler)
    i.ProcessIRCode                          0x00000b6c   Section        0  ir_handler.o(i.ProcessIRCode)
    i.RCM_EnableAPBPeriphClock               0x00000b98   Section        0  apm32f00x_rcm.o(i.RCM_EnableAPBPeriphClock)
    i.RCM_GetMasterClockFreq                 0x00000be4   Section        0  apm32f00x_rcm.o(i.RCM_GetMasterClockFreq)
    i.SVC_Handler                            0x00000c44   Section        0  apm32f00x_int.o(i.SVC_Handler)
    i.SysTick_Handler                        0x00000c48   Section        0  apm32f00x_int.o(i.SysTick_Handler)
    i.SystemInit                             0x00000ca0   Section        0  system_apm32f00x.o(i.SystemInit)
    i.TMR1_ClearStatusFlag                   0x00000cf0   Section        0  apm32f00x_tmr1.o(i.TMR1_ClearStatusFlag)
    i.TMR1_ConfigInputCapture                0x00000d0e   Section        0  apm32f00x_tmr1.o(i.TMR1_ConfigInputCapture)
    i.TMR1_ConfigInputCapture1               0x00000d86   Section        0  apm32f00x_tmr1.o(i.TMR1_ConfigInputCapture1)
    i.TMR1_ConfigInputCapture2               0x00000dd4   Section        0  apm32f00x_tmr1.o(i.TMR1_ConfigInputCapture2)
    i.TMR1_ConfigInputCapture3               0x00000e22   Section        0  apm32f00x_tmr1.o(i.TMR1_ConfigInputCapture3)
    i.TMR1_ConfigInputCapture4               0x00000e70   Section        0  apm32f00x_tmr1.o(i.TMR1_ConfigInputCapture4)
    i.TMR1_ConfigTimerBase                   0x00000ebe   Section        0  apm32f00x_tmr1.o(i.TMR1_ConfigTimerBase)
    i.TMR1_Disable                           0x00000f0a   Section        0  apm32f00x_tmr1.o(i.TMR1_Disable)
    i.TMR1_DisableCompareCapture             0x00000f14   Section        0  apm32f00x_tmr1.o(i.TMR1_DisableCompareCapture)
    i.TMR1_Enable                            0x00000f56   Section        0  apm32f00x_tmr1.o(i.TMR1_Enable)
    i.TMR1_EnableChannel                     0x00000f64   Section        0  apm32f00x_tmr1.o(i.TMR1_EnableChannel)
    i.TMR1_EnableInterrupt                   0x00000f7c   Section        0  apm32f00x_tmr1.o(i.TMR1_EnableInterrupt)
    i.TMR1_ReadCapture1                      0x00000f84   Section        0  apm32f00x_tmr1.o(i.TMR1_ReadCapture1)
    i.TMR1_ReadCapture2                      0x00000f98   Section        0  apm32f00x_tmr1.o(i.TMR1_ReadCapture2)
    i.TMR1_ReadCapture3                      0x00000fac   Section        0  apm32f00x_tmr1.o(i.TMR1_ReadCapture3)
    i.TMR1_ReadCapture4                      0x00000fc0   Section        0  apm32f00x_tmr1.o(i.TMR1_ReadCapture4)
    i.TMR1_ReadCompareCapture                0x00000fd4   Section        0  apm32f00x_tmr1.o(i.TMR1_ReadCompareCapture)
    i.TMR1_ReadStatusFlag                    0x00001012   Section        0  apm32f00x_tmr1.o(i.TMR1_ReadStatusFlag)
    i.TMR1_UT_IRQHandler                     0x00001044   Section        0  ir_handler.o(i.TMR1_UT_IRQHandler)
    i.TMR2_ConfigOutputComare1               0x00001090   Section        0  apm32f00x_tmr2.o(i.TMR2_ConfigOutputComare1)
    i.TMR2_ConfigOutputComare2               0x000010e4   Section        0  apm32f00x_tmr2.o(i.TMR2_ConfigOutputComare2)
    i.TMR2_ConfigOutputComare3               0x0000113c   Section        0  apm32f00x_tmr2.o(i.TMR2_ConfigOutputComare3)
    i.TMR2_ConfigOutputCompare               0x00001190   Section        0  apm32f00x_tmr2.o(i.TMR2_ConfigOutputCompare)
    i.TMR2_ConfigTimerBase                   0x000011c8   Section        0  apm32f00x_tmr2.o(i.TMR2_ConfigTimerBase)
    i.TMR2_DisableCompareCapture             0x000011f0   Section        0  apm32f00x_tmr2.o(i.TMR2_DisableCompareCapture)
    i.TMR2_Enable                            0x00001234   Section        0  apm32f00x_tmr2.o(i.TMR2_Enable)
    i.TMR2_EnableCompareCapture              0x00001248   Section        0  apm32f00x_tmr2.o(i.TMR2_EnableCompareCapture)
    i.TMR2_SetCompareCapture                 0x00001290   Section        0  apm32f00x_tmr2.o(i.TMR2_SetCompareCapture)
    i.Tick_1000ms_check_power                0x000012d4   Section        0  main.o(i.Tick_1000ms_check_power)
    i.Tick_100ms_Handler                     0x00001500   Section        0  main.o(i.Tick_100ms_Handler)
    i.UART_Putc                              0x00001678   Section        0  uart.o(i.UART_Putc)
    i.UART_Puts                              0x0000169c   Section        0  uart.o(i.UART_Puts)
    i.UART_itoa                              0x000016b6   Section        0  uart.o(i.UART_itoa)
    i.UPrintf                                0x0000176c   Section        0  uart.o(i.UPrintf)
    i.USART_ReadStatusFlag                   0x000018c4   Section        0  apm32f00x_usart.o(i.USART_ReadStatusFlag)
    i.USART_TxData8                          0x000018f6   Section        0  apm32f00x_usart.o(i.USART_TxData8)
    i.WUPT_DisableLIRCMeasurement            0x00001904   Section        0  apm32f00x_wupt.o(i.WUPT_DisableLIRCMeasurement)
    i.WUPT_EnableLIRCMeasurement             0x00001918   Section        0  apm32f00x_wupt.o(i.WUPT_EnableLIRCMeasurement)
    i.__NVIC_SetPriority                     0x0000192c   Section        0  apm32f00x_misc.o(i.__NVIC_SetPriority)
    __NVIC_SetPriority                       0x0000192d   Thumb Code   110  apm32f00x_misc.o(i.__NVIC_SetPriority)
    i.__NVIC_SetPriority                     0x000019a4   Section        0  main.o(i.__NVIC_SetPriority)
    __NVIC_SetPriority                       0x000019a5   Thumb Code   110  main.o(i.__NVIC_SetPriority)
    i.delay_time_1ms                         0x00001a1c   Section        0  main.o(i.delay_time_1ms)
    i.gpio_deinit_in_sleep_mode              0x00001a38   Section        0  gpio.o(i.gpio_deinit_in_sleep_mode)
    i.gpio_init                              0x00001a58   Section        0  gpio.o(i.gpio_init)
    i.init_system_default                    0x00001bd4   Section        0  main.o(i.init_system_default)
    i.led_on_time                            0x00001c18   Section        0  control_led.o(i.led_on_time)
    i.led_status_control                     0x00001c30   Section        0  control_led.o(i.led_status_control)
    i.main                                   0x00001cb8   Section        0  main.o(i.main)
    i.scan_IR_Code                           0x00001e64   Section        0  main.o(i.scan_IR_Code)
    i.scan_button_on_board                   0x00001ee8   Section        0  main.o(i.scan_button_on_board)
    i.toggle_led                             0x000020a8   Section        0  gpio.o(i.toggle_led)
    i.turn_off_led                           0x000020b8   Section        0  gpio.o(i.turn_off_led)
    i.turn_off_leds_speed                    0x000020c8   Section        0  gpio.o(i.turn_off_leds_speed)
    i.turn_on_led                            0x000020ec   Section        0  gpio.o(i.turn_on_led)
    .data                                    0x20000000   Section       20  main.o(.data)
    i                                        0x20000006   Data           1  main.o(.data)
    delay_IR                                 0x20000007   Data           1  main.o(.data)
    nature_duty                              0x20000008   Data           2  main.o(.data)
    light_wind                               0x2000000a   Data           1  main.o(.data)
    last_power_in                            0x2000000b   Data           1  main.o(.data)
    ClkLowBat                                0x2000000c   Data           1  main.o(.data)
    ClkFullBat                               0x2000000d   Data           1  main.o(.data)
    ClkOutLowBatState                        0x2000000e   Data           1  main.o(.data)
    Vbat_avr                                 0x20000010   Data           4  main.o(.data)
    .data                                    0x20000014   Section        1  adc_handler.o(.data)
    .data                                    0x20000018   Section       28  ir_handler.o(.data)
    .data                                    0x20000034   Section        1  uart.o(.data)
    UART_Inited                              0x20000034   Data           1  uart.o(.data)
    .data                                    0x20000038   Section        4  control_led.o(.data)
    count_now                                0x20000038   Data           4  control_led.o(.data)
    .bss                                     0x2000003c   Section       86  main.o(.bss)
    ADC_arr                                  0x20000074   Data          30  main.o(.bss)
    .bss                                     0x20000092   Section      116  ir_handler.o(.bss)
    .bss                                     0x20000108   Section       96  libspace.o(.bss)
    HEAP                                     0x20000168   Section      512  startup_apm32f0xx.o(HEAP)
    Heap_Mem                                 0x20000168   Data         512  startup_apm32f0xx.o(HEAP)
    STACK                                    0x20000368   Section     1024  startup_apm32f0xx.o(STACK)
    Stack_Mem                                0x20000368   Data        1024  startup_apm32f0xx.o(STACK)
    __initial_sp                             0x20000768   Data           0  startup_apm32f0xx.o(STACK)

    Global Symbols

    Symbol Name                              Value     Ov Type        Size  Object(Section)

    BuildAttributes$$THM_ISAv3M$S$PE$A:L22$X:L11$S22$IEEE1$IW$USESV6$~STKCKD$USESV7$~SHL$OSPACE$ROPI$EBA8$UX$STANDARDLIB$REQ8$PRES8$EABIv2 0x00000000   Number         0  anon$$obj.o ABSOLUTE
    __ARM_use_no_argv                        0x00000000   Number         0  main.o ABSOLUTE
    __Vectors                                0x00000000   Data           4  startup_apm32f0xx.o(RESET)
    __ARM_exceptions_init                     - Undefined Weak Reference
    __alloca_initialize                       - Undefined Weak Reference
    __arm_fini_                               - Undefined Weak Reference
    __arm_preinit_                            - Undefined Weak Reference
    __cpp_initialize__aeabi_                  - Undefined Weak Reference
    __cxa_finalize                            - Undefined Weak Reference
    __rt_locale                               - Undefined Weak Reference
    __sigvec_lookup                           - Undefined Weak Reference
    _atexit_init                              - Undefined Weak Reference
    _call_atexit_fns                          - Undefined Weak Reference
    _clock_init                               - Undefined Weak Reference
    _fp_trap_init                             - Undefined Weak Reference
    _fp_trap_shutdown                         - Undefined Weak Reference
    _get_lc_collate                           - Undefined Weak Reference
    _get_lc_ctype                             - Undefined Weak Reference
    _get_lc_monetary                          - Undefined Weak Reference
    _get_lc_numeric                           - Undefined Weak Reference
    _get_lc_time                              - Undefined Weak Reference
    _getenv_init                              - Undefined Weak Reference
    _handle_redirection                       - Undefined Weak Reference
    _init_alloc                               - Undefined Weak Reference
    _init_user_alloc                          - Undefined Weak Reference
    _initio                                   - Undefined Weak Reference
    _rand_init                                - Undefined Weak Reference
    _signal_finish                            - Undefined Weak Reference
    _signal_init                              - Undefined Weak Reference
    _terminate_alloc                          - Undefined Weak Reference
    _terminate_user_alloc                     - Undefined Weak Reference
    _terminateio                              - Undefined Weak Reference
    __Vectors_End                            0x000000bc   Data           0  startup_apm32f0xx.o(RESET)
    __Vectors_Size                           0x000000bc   Number         0  startup_apm32f0xx.o ABSOLUTE
    __main                                   0x000000bd   Thumb Code     8  __main.o(!!!main)
    __scatterload                            0x000000c5   Thumb Code     0  __scatter.o(!!!scatter)
    __scatterload_rt2                        0x000000c5   Thumb Code    52  __scatter.o(!!!scatter)
    __scatterload_rt2_thumb_only             0x000000c5   Thumb Code     0  __scatter.o(!!!scatter)
    __scatterload_null                       0x000000d5   Thumb Code     0  __scatter.o(!!!scatter)
    __scatterload_copy                       0x00000101   Thumb Code    26  __scatter_copy.o(!!handler_copy)
    __scatterload_zeroinit                   0x0000011d   Thumb Code    28  __scatter_zi.o(!!handler_zi)
    __rt_lib_init                            0x00000139   Thumb Code     0  libinit.o(.ARM.Collect$$libinit$$00000000)
    __rt_lib_init_alloca_1                   0x0000013b   Thumb Code     0  libinit2.o(.ARM.Collect$$libinit$$0000002E)
    __rt_lib_init_argv_1                     0x0000013b   Thumb Code     0  libinit2.o(.ARM.Collect$$libinit$$0000002C)
    __rt_lib_init_atexit_1                   0x0000013b   Thumb Code     0  libinit2.o(.ARM.Collect$$libinit$$0000001B)
    __rt_lib_init_clock_1                    0x0000013b   Thumb Code     0  libinit2.o(.ARM.Collect$$libinit$$00000021)
    __rt_lib_init_cpp_1                      0x0000013b   Thumb Code     0  libinit2.o(.ARM.Collect$$libinit$$00000032)
    __rt_lib_init_exceptions_1               0x0000013b   Thumb Code     0  libinit2.o(.ARM.Collect$$libinit$$00000030)
    __rt_lib_init_fp_1                       0x0000013b   Thumb Code     0  libinit2.o(.ARM.Collect$$libinit$$00000002)
    __rt_lib_init_fp_trap_1                  0x0000013b   Thumb Code     0  libinit2.o(.ARM.Collect$$libinit$$0000001F)
    __rt_lib_init_getenv_1                   0x0000013b   Thumb Code     0  libinit2.o(.ARM.Collect$$libinit$$00000023)
    __rt_lib_init_heap_1                     0x0000013b   Thumb Code     0  libinit2.o(.ARM.Collect$$libinit$$0000000A)
    __rt_lib_init_lc_collate_1               0x0000013b   Thumb Code     0  libinit2.o(.ARM.Collect$$libinit$$00000011)
    __rt_lib_init_lc_ctype_1                 0x0000013b   Thumb Code     0  libinit2.o(.ARM.Collect$$libinit$$00000013)
    __rt_lib_init_lc_monetary_1              0x0000013b   Thumb Code     0  libinit2.o(.ARM.Collect$$libinit$$00000015)
    __rt_lib_init_lc_numeric_1               0x0000013b   Thumb Code     0  libinit2.o(.ARM.Collect$$libinit$$00000017)
    __rt_lib_init_lc_time_1                  0x0000013b   Thumb Code     0  libinit2.o(.ARM.Collect$$libinit$$00000019)
    __rt_lib_init_preinit_1                  0x0000013b   Thumb Code     0  libinit2.o(.ARM.Collect$$libinit$$00000004)
    __rt_lib_init_rand_1                     0x0000013b   Thumb Code     0  libinit2.o(.ARM.Collect$$libinit$$0000000E)
    __rt_lib_init_return                     0x0000013b   Thumb Code     0  libinit2.o(.ARM.Collect$$libinit$$00000033)
    __rt_lib_init_signal_1                   0x0000013b   Thumb Code     0  libinit2.o(.ARM.Collect$$libinit$$0000001D)
    __rt_lib_init_stdio_1                    0x0000013b   Thumb Code     0  libinit2.o(.ARM.Collect$$libinit$$00000025)
    __rt_lib_init_user_alloc_1               0x0000013b   Thumb Code     0  libinit2.o(.ARM.Collect$$libinit$$0000000C)
    __rt_lib_shutdown                        0x0000013d   Thumb Code     0  libshutdown.o(.ARM.Collect$$libshutdown$$00000000)
    __rt_lib_shutdown_cpp_1                  0x0000013f   Thumb Code     0  libshutdown2.o(.ARM.Collect$$libshutdown$$00000004)
    __rt_lib_shutdown_fini_1                 0x0000013f   Thumb Code     0  libshutdown2.o(.ARM.Collect$$libshutdown$$00000002)
    __rt_lib_shutdown_fp_trap_1              0x0000013f   Thumb Code     0  libshutdown2.o(.ARM.Collect$$libshutdown$$00000009)
    __rt_lib_shutdown_heap_1                 0x0000013f   Thumb Code     0  libshutdown2.o(.ARM.Collect$$libshutdown$$00000011)
    __rt_lib_shutdown_return                 0x0000013f   Thumb Code     0  libshutdown2.o(.ARM.Collect$$libshutdown$$00000012)
    __rt_lib_shutdown_signal_1               0x0000013f   Thumb Code     0  libshutdown2.o(.ARM.Collect$$libshutdown$$0000000C)
    __rt_lib_shutdown_stdio_1                0x0000013f   Thumb Code     0  libshutdown2.o(.ARM.Collect$$libshutdown$$00000006)
    __rt_lib_shutdown_user_alloc_1           0x0000013f   Thumb Code     0  libshutdown2.o(.ARM.Collect$$libshutdown$$0000000E)
    __rt_entry                               0x00000141   Thumb Code     0  __rtentry.o(.ARM.Collect$$rtentry$$00000000)
    __rt_entry_presh_1                       0x00000141   Thumb Code     0  __rtentry2.o(.ARM.Collect$$rtentry$$00000002)
    __rt_entry_sh                            0x00000141   Thumb Code     0  __rtentry4.o(.ARM.Collect$$rtentry$$00000004)
    __rt_entry_li                            0x00000147   Thumb Code     0  __rtentry2.o(.ARM.Collect$$rtentry$$0000000A)
    __rt_entry_postsh_1                      0x00000147   Thumb Code     0  __rtentry2.o(.ARM.Collect$$rtentry$$00000009)
    __rt_entry_main                          0x0000014b   Thumb Code     0  __rtentry2.o(.ARM.Collect$$rtentry$$0000000D)
    __rt_entry_postli_1                      0x0000014b   Thumb Code     0  __rtentry2.o(.ARM.Collect$$rtentry$$0000000C)
    __rt_exit                                0x00000153   Thumb Code     0  rtexit.o(.ARM.Collect$$rtexit$$00000000)
    __rt_exit_ls                             0x00000155   Thumb Code     0  rtexit2.o(.ARM.Collect$$rtexit$$00000003)
    __rt_exit_prels_1                        0x00000155   Thumb Code     0  rtexit2.o(.ARM.Collect$$rtexit$$00000002)
    __rt_exit_exit                           0x00000159   Thumb Code     0  rtexit2.o(.ARM.Collect$$rtexit$$00000004)
    Reset_Handler                            0x00000161   Thumb Code    14  startup_apm32f0xx.o(.text)
    EINTB_IRQHandler                         0x00000179   Thumb Code     0  startup_apm32f0xx.o(.text)
    EINTC_IRQHandler                         0x00000179   Thumb Code     0  startup_apm32f0xx.o(.text)
    EINTD_IRQHandler                         0x00000179   Thumb Code     0  startup_apm32f0xx.o(.text)
    FLASH_IRQHandler                         0x00000179   Thumb Code     0  startup_apm32f0xx.o(.text)
    IIC_IRQHandler                           0x00000179   Thumb Code     0  startup_apm32f0xx.o(.text)
    RCM_IRQHandler                           0x00000179   Thumb Code     0  startup_apm32f0xx.o(.text)
    SPI_IRQHandler                           0x00000179   Thumb Code     0  startup_apm32f0xx.o(.text)
    TMR1A_CC_IRQHandler                      0x00000179   Thumb Code     0  startup_apm32f0xx.o(.text)
    TMR1A_UT_IRQHandler                      0x00000179   Thumb Code     0  startup_apm32f0xx.o(.text)
    TMR1_CC_IRQHandler                       0x00000179   Thumb Code     0  startup_apm32f0xx.o(.text)
    TMR2_CC_IRQHandler                       0x00000179   Thumb Code     0  startup_apm32f0xx.o(.text)
    TMR2_UO_IRQHandler                       0x00000179   Thumb Code     0  startup_apm32f0xx.o(.text)
    TMR4_IRQHandler                          0x00000179   Thumb Code     0  startup_apm32f0xx.o(.text)
    USART1_RX_IRQHandler                     0x00000179   Thumb Code     0  startup_apm32f0xx.o(.text)
    USART1_TX_IRQHandler                     0x00000179   Thumb Code     0  startup_apm32f0xx.o(.text)
    USART2_RX_IRQHandler                     0x00000179   Thumb Code     0  startup_apm32f0xx.o(.text)
    USART2_TX_IRQHandler                     0x00000179   Thumb Code     0  startup_apm32f0xx.o(.text)
    USART3_RX_IRQHandler                     0x00000179   Thumb Code     0  startup_apm32f0xx.o(.text)
    USART3_TX_IRQHandler                     0x00000179   Thumb Code     0  startup_apm32f0xx.o(.text)
    WUPT_IRQHandler                          0x00000179   Thumb Code     0  startup_apm32f0xx.o(.text)
    __user_initial_stackheap                 0x0000017d   Thumb Code     0  startup_apm32f0xx.o(.text)
    __aeabi_uidiv                            0x000001a5   Thumb Code     0  aeabi_sdiv.o(.text)
    __aeabi_uidivmod                         0x000001a5   Thumb Code    20  aeabi_sdiv.o(.text)
    __aeabi_idiv                             0x000001b9   Thumb Code     0  aeabi_sdiv.o(.text)
    __aeabi_idivmod                          0x000001b9   Thumb Code   326  aeabi_sdiv.o(.text)
    __use_two_region_memory                  0x000002ff   Thumb Code     2  heapauxi.o(.text)
    __rt_heap_escrow$2region                 0x00000301   Thumb Code     2  heapauxi.o(.text)
    __rt_heap_expand$2region                 0x00000303   Thumb Code     2  heapauxi.o(.text)
    __user_setup_stackheap                   0x00000305   Thumb Code    62  sys_stackheap_outer.o(.text)
    exit                                     0x00000343   Thumb Code    16  exit.o(.text)
    __user_libspace                          0x00000355   Thumb Code     8  libspace.o(.text)
    __user_perproc_libspace                  0x00000355   Thumb Code     0  libspace.o(.text)
    __user_perthread_libspace                0x00000355   Thumb Code     0  libspace.o(.text)
    _sys_exit                                0x0000035d   Thumb Code     8  sys_exit.o(.text)
    __I$use$semihosting                      0x00000369   Thumb Code     0  use_no_semi.o(.text)
    __use_no_semihosting_swi                 0x00000369   Thumb Code     2  use_no_semi.o(.text)
    ADCCalibration                           0x0000036b   Thumb Code   104  adc_handler.o(i.ADCCalibration)
    __semihosting_library_function           0x0000036b   Thumb Code     0  indicate_semi.o(.text)
    ADCInit                                  0x000003d5   Thumb Code    84  adc_handler.o(i.ADCInit)
    ADCIsr                                   0x0000042d   Thumb Code    48  adc_handler.o(i.ADCIsr)
    ADC_ClearIntFlag                         0x00000469   Thumb Code    16  apm32f00x_adc.o(i.ADC_ClearIntFlag)
    ADC_ClearStatusFlag                      0x0000047d   Thumb Code    38  apm32f00x_adc.o(i.ADC_ClearStatusFlag)
    ADC_Config                               0x000004a9   Thumb Code   184  apm32f00x_adc.o(i.ADC_Config)
    ADC_ConfigStructInit                     0x00000565   Thumb Code    24  apm32f00x_adc.o(i.ADC_ConfigStructInit)
    ADC_Disable                              0x0000057d   Thumb Code    14  apm32f00x_adc.o(i.ADC_Disable)
    ADC_DisableCompensation                  0x00000591   Thumb Code    14  apm32f00x_adc.o(i.ADC_DisableCompensation)
    ADC_Enable                               0x000005a5   Thumb Code    16  apm32f00x_adc.o(i.ADC_Enable)
    ADC_EnableCompensation                   0x000005b9   Thumb Code    16  apm32f00x_adc.o(i.ADC_EnableCompensation)
    ADC_IRQHandler                           0x000005cd   Thumb Code     8  apm32f00x_int.o(i.ADC_IRQHandler)
    ADC_ReadData                             0x000005d5   Thumb Code    52  apm32f00x_adc.o(i.ADC_ReadData)
    ADC_ReadIntFlag                          0x0000060d   Thumb Code    20  apm32f00x_adc.o(i.ADC_ReadIntFlag)
    ADC_ReadStatusFlag                       0x00000625   Thumb Code    42  apm32f00x_adc.o(i.ADC_ReadStatusFlag)
    ADC_SetChannel                           0x00000655   Thumb Code    74  apm32f00x_adc.o(i.ADC_SetChannel)
    ADC_SetMode                              0x000006a5   Thumb Code    22  apm32f00x_adc.o(i.ADC_SetMode)
    ADC_SetOffset                            0x000006c1   Thumb Code    10  apm32f00x_adc.o(i.ADC_SetOffset)
    ADC_StartConversion                      0x000006d1   Thumb Code    16  apm32f00x_adc.o(i.ADC_StartConversion)
    DC_Moto_Init                             0x000006ed   Thumb Code    46  motor_ctrl.o(i.DC_Moto_Init)
    DC_SetDuty                               0x0000071b   Thumb Code    46  motor_ctrl.o(i.DC_SetDuty)
    EINTA_IRQHandler                         0x00000749   Thumb Code   102  ir_handler.o(i.EINTA_IRQHandler)
    EINT_ClearIntFlag                        0x000007cd   Thumb Code    10  apm32f00x_eint.o(i.EINT_ClearIntFlag)
    EINT_Config                              0x000007dd   Thumb Code   130  apm32f00x_eint.o(i.EINT_Config)
    GPIO_ClearBit                            0x00000865   Thumb Code     8  apm32f00x_gpio.o(i.GPIO_ClearBit)
    GPIO_Config                              0x0000086d   Thumb Code   126  apm32f00x_gpio.o(i.GPIO_Config)
    GPIO_ReadInputBit                        0x000008eb   Thumb Code    20  apm32f00x_gpio.o(i.GPIO_ReadInputBit)
    GPIO_SetBit                              0x000008ff   Thumb Code     8  apm32f00x_gpio.o(i.GPIO_SetBit)
    GPIO_Toggle                              0x00000907   Thumb Code     8  apm32f00x_gpio.o(i.GPIO_Toggle)
    GetIRCommand                             0x00000911   Thumb Code    42  ir_handler.o(i.GetIRCommand)
    HardFault_Handler                        0x00000941   Thumb Code     2  apm32f00x_int.o(i.HardFault_Handler)
    IWDTInit                                 0x00000943   Thumb Code    32  main.o(i.IWDTInit)
    IWDT_Enable                              0x00000965   Thumb Code     8  apm32f00x_iwdt.o(i.IWDT_Enable)
    IWDT_EnableWriteAccess                   0x00000971   Thumb Code     8  apm32f00x_iwdt.o(i.IWDT_EnableWriteAccess)
    IWDT_ReloadCounter                       0x0000097d   Thumb Code     8  apm32f00x_iwdt.o(i.IWDT_ReloadCounter)
    IWDT_SetDivider                          0x00000989   Thumb Code     6  apm32f00x_iwdt.o(i.IWDT_SetDivider)
    IWDT_SetReloadCounter                    0x00000995   Thumb Code     6  apm32f00x_iwdt.o(i.IWDT_SetReloadCounter)
    Ir_GPIO_Init                             0x000009a1   Thumb Code    46  ir_handler.o(i.Ir_GPIO_Init)
    Ir_Timer_Init                            0x000009d1   Thumb Code    64  ir_handler.o(i.Ir_Timer_Init)
    LIRCMeasurment                           0x00000a15   Thumb Code   152  main.o(i.LIRCMeasurment)
    Light_PWM_Init                           0x00000ab1   Thumb Code    38  light_control.o(i.Light_PWM_Init)
    Light_SetDuty                            0x00000ad7   Thumb Code    28  light_control.o(i.Light_SetDuty)
    NMI_Handler                              0x00000b3d   Thumb Code     2  apm32f00x_int.o(i.NMI_Handler)
    NVIC_EnableIRQRequest                    0x00000b41   Thumb Code    36  apm32f00x_misc.o(i.NVIC_EnableIRQRequest)
    PendSV_Handler                           0x00000b69   Thumb Code     2  apm32f00x_int.o(i.PendSV_Handler)
    ProcessIRCode                            0x00000b6d   Thumb Code    26  ir_handler.o(i.ProcessIRCode)
    RCM_EnableAPBPeriphClock                 0x00000b99   Thumb Code    72  apm32f00x_rcm.o(i.RCM_EnableAPBPeriphClock)
    RCM_GetMasterClockFreq                   0x00000be5   Thumb Code    82  apm32f00x_rcm.o(i.RCM_GetMasterClockFreq)
    SVC_Handler                              0x00000c45   Thumb Code     2  apm32f00x_int.o(i.SVC_Handler)
    SysTick_Handler                          0x00000c49   Thumb Code    80  apm32f00x_int.o(i.SysTick_Handler)
    SystemInit                               0x00000ca1   Thumb Code    70  system_apm32f00x.o(i.SystemInit)
    TMR1_ClearStatusFlag                     0x00000cf1   Thumb Code    30  apm32f00x_tmr1.o(i.TMR1_ClearStatusFlag)
    TMR1_ConfigInputCapture                  0x00000d0f   Thumb Code   120  apm32f00x_tmr1.o(i.TMR1_ConfigInputCapture)
    TMR1_ConfigInputCapture1                 0x00000d87   Thumb Code    78  apm32f00x_tmr1.o(i.TMR1_ConfigInputCapture1)
    TMR1_ConfigInputCapture2                 0x00000dd5   Thumb Code    78  apm32f00x_tmr1.o(i.TMR1_ConfigInputCapture2)
    TMR1_ConfigInputCapture3                 0x00000e23   Thumb Code    78  apm32f00x_tmr1.o(i.TMR1_ConfigInputCapture3)
    TMR1_ConfigInputCapture4                 0x00000e71   Thumb Code    78  apm32f00x_tmr1.o(i.TMR1_ConfigInputCapture4)
    TMR1_ConfigTimerBase                     0x00000ebf   Thumb Code    76  apm32f00x_tmr1.o(i.TMR1_ConfigTimerBase)
    TMR1_Disable                             0x00000f0b   Thumb Code    10  apm32f00x_tmr1.o(i.TMR1_Disable)
    TMR1_DisableCompareCapture               0x00000f15   Thumb Code    66  apm32f00x_tmr1.o(i.TMR1_DisableCompareCapture)
    TMR1_Enable                              0x00000f57   Thumb Code    12  apm32f00x_tmr1.o(i.TMR1_Enable)
    TMR1_EnableChannel                       0x00000f65   Thumb Code    18  apm32f00x_tmr1.o(i.TMR1_EnableChannel)
    TMR1_EnableInterrupt                     0x00000f7d   Thumb Code     8  apm32f00x_tmr1.o(i.TMR1_EnableInterrupt)
    TMR1_ReadCapture1                        0x00000f85   Thumb Code    20  apm32f00x_tmr1.o(i.TMR1_ReadCapture1)
    TMR1_ReadCapture2                        0x00000f99   Thumb Code    20  apm32f00x_tmr1.o(i.TMR1_ReadCapture2)
    TMR1_ReadCapture3                        0x00000fad   Thumb Code    20  apm32f00x_tmr1.o(i.TMR1_ReadCapture3)
    TMR1_ReadCapture4                        0x00000fc1   Thumb Code    20  apm32f00x_tmr1.o(i.TMR1_ReadCapture4)
    TMR1_ReadCompareCapture                  0x00000fd5   Thumb Code    62  apm32f00x_tmr1.o(i.TMR1_ReadCompareCapture)
    TMR1_ReadStatusFlag                      0x00001013   Thumb Code    50  apm32f00x_tmr1.o(i.TMR1_ReadStatusFlag)
    TMR1_UT_IRQHandler                       0x00001045   Thumb Code    58  ir_handler.o(i.TMR1_UT_IRQHandler)
    TMR2_ConfigOutputComare1                 0x00001091   Thumb Code    80  apm32f00x_tmr2.o(i.TMR2_ConfigOutputComare1)
    TMR2_ConfigOutputComare2                 0x000010e5   Thumb Code    82  apm32f00x_tmr2.o(i.TMR2_ConfigOutputComare2)
    TMR2_ConfigOutputComare3                 0x0000113d   Thumb Code    80  apm32f00x_tmr2.o(i.TMR2_ConfigOutputComare3)
    TMR2_ConfigOutputCompare                 0x00001191   Thumb Code    54  apm32f00x_tmr2.o(i.TMR2_ConfigOutputCompare)
    TMR2_ConfigTimerBase                     0x000011c9   Thumb Code    34  apm32f00x_tmr2.o(i.TMR2_ConfigTimerBase)
    TMR2_DisableCompareCapture               0x000011f1   Thumb Code    62  apm32f00x_tmr2.o(i.TMR2_DisableCompareCapture)
    TMR2_Enable                              0x00001235   Thumb Code    16  apm32f00x_tmr2.o(i.TMR2_Enable)
    TMR2_EnableCompareCapture                0x00001249   Thumb Code    68  apm32f00x_tmr2.o(i.TMR2_EnableCompareCapture)
    TMR2_SetCompareCapture                   0x00001291   Thumb Code    62  apm32f00x_tmr2.o(i.TMR2_SetCompareCapture)
    Tick_1000ms_check_power                  0x000012d5   Thumb Code   504  main.o(i.Tick_1000ms_check_power)
    Tick_100ms_Handler                       0x00001501   Thumb Code   356  main.o(i.Tick_100ms_Handler)
    UART_Putc                                0x00001679   Thumb Code    30  uart.o(i.UART_Putc)
    UART_Puts                                0x0000169d   Thumb Code    26  uart.o(i.UART_Puts)
    UART_itoa                                0x000016b7   Thumb Code   180  uart.o(i.UART_itoa)
    UPrintf                                  0x0000176d   Thumb Code   338  uart.o(i.UPrintf)
    USART_ReadStatusFlag                     0x000018c5   Thumb Code    50  apm32f00x_usart.o(i.USART_ReadStatusFlag)
    USART_TxData8                            0x000018f7   Thumb Code    14  apm32f00x_usart.o(i.USART_TxData8)
    WUPT_DisableLIRCMeasurement              0x00001905   Thumb Code    14  apm32f00x_wupt.o(i.WUPT_DisableLIRCMeasurement)
    WUPT_EnableLIRCMeasurement               0x00001919   Thumb Code    16  apm32f00x_wupt.o(i.WUPT_EnableLIRCMeasurement)
    delay_time_1ms                           0x00001a1d   Thumb Code    24  main.o(i.delay_time_1ms)
    gpio_deinit_in_sleep_mode                0x00001a39   Thumb Code    24  gpio.o(i.gpio_deinit_in_sleep_mode)
    gpio_init                                0x00001a59   Thumb Code   366  gpio.o(i.gpio_init)
    init_system_default                      0x00001bd5   Thumb Code    60  main.o(i.init_system_default)
    led_on_time                              0x00001c19   Thumb Code    14  control_led.o(i.led_on_time)
    led_status_control                       0x00001c31   Thumb Code   126  control_led.o(i.led_status_control)
    main                                     0x00001cb9   Thumb Code   394  main.o(i.main)
    scan_IR_Code                             0x00001e65   Thumb Code   110  main.o(i.scan_IR_Code)
    scan_button_on_board                     0x00001ee9   Thumb Code   436  main.o(i.scan_button_on_board)
    toggle_led                               0x000020a9   Thumb Code    16  gpio.o(i.toggle_led)
    turn_off_led                             0x000020b9   Thumb Code    16  gpio.o(i.turn_off_led)
    turn_off_leds_speed                      0x000020c9   Thumb Code    28  gpio.o(i.turn_off_leds_speed)
    turn_on_led                              0x000020ed   Thumb Code    16  gpio.o(i.turn_on_led)
    Region$$Table$$Base                      0x000020fc   Number         0  anon$$obj.o(Region$$Table)
    Region$$Table$$Limit                     0x0000211c   Number         0  anon$$obj.o(Region$$Table)
    m_delay                                  0x20000000   Data           4  main.o(.data)
    first_time_ADC                           0x20000004   Data           1  main.o(.data)
    ADC_started                              0x20000005   Data           1  main.o(.data)
    this_is_first_time                       0x20000014   Data           1  adc_handler.o(.data)
    IRComandIndex                            0x20000018   Data           1  ir_handler.o(.data)
    IR_ClkHigh                               0x20000019   Data           1  ir_handler.o(.data)
    IR_ClkLow                                0x2000001a   Data           1  ir_handler.o(.data)
    IRCodeIndex                              0x2000001b   Data           1  ir_handler.o(.data)
    HasBegin                                 0x2000001c   Data           1  ir_handler.o(.data)
    HighSide                                 0x20000020   Data           4  ir_handler.o(.data)
    LowSide                                  0x20000024   Data           4  ir_handler.o(.data)
    OldIRState                               0x20000028   Data           1  ir_handler.o(.data)
    NewIRData                                0x20000029   Data           1  ir_handler.o(.data)
    MaxIR                                    0x2000002a   Data           1  ir_handler.o(.data)
    IRTimeOut                                0x2000002c   Data           4  ir_handler.o(.data)
    WaitNextCode                             0x20000030   Data           4  ir_handler.o(.data)
    xSystem_para_now                         0x2000003c   Data          56  main.o(.bss)
    IRCommand                                0x20000092   Data          20  ir_handler.o(.bss)
    IRCode                                   0x200000a6   Data          32  ir_handler.o(.bss)
    IRHigh                                   0x200000c6   Data          32  ir_handler.o(.bss)
    IRLow                                    0x200000e6   Data          32  ir_handler.o(.bss)
    __libspace_start                         0x20000108   Data          96  libspace.o(.bss)
    __temporary_stack_top$libspace           0x20000168   Data           0  libspace.o(.bss)



==============================================================================

Memory Map of the image

  Image Entry point : 0x000000bd

  Load Region LR_IROM1 (Base: 0x00000000, Size: 0x00002158, Max: 0x00008000, ABSOLUTE)

    Execution Region ER_IROM1 (Exec base: 0x00000000, Load base: 0x00000000, Size: 0x0000211c, Max: 0x00008000, ABSOLUTE)

    Exec Addr    Load Addr    Size         Type   Attr      Idx    E Section Name        Object

    0x00000000   0x00000000   0x000000bc   Data   RO           54    RESET               startup_apm32f0xx.o
    0x000000bc   0x000000bc   0x00000008   Code   RO         3142  * !!!main             c_p.l(__main.o)
    0x000000c4   0x000000c4   0x0000003c   Code   RO         3313    !!!scatter          c_p.l(__scatter.o)
    0x00000100   0x00000100   0x0000001a   Code   RO         3315    !!handler_copy      c_p.l(__scatter_copy.o)
    0x0000011a   0x0000011a   0x00000002   PAD
    0x0000011c   0x0000011c   0x0000001c   Code   RO         3317    !!handler_zi        c_p.l(__scatter_zi.o)
    0x00000138   0x00000138   0x00000002   Code   RO         3180    .ARM.Collect$$libinit$$00000000  c_p.l(libinit.o)
    0x0000013a   0x0000013a   0x00000000   Code   RO         3194    .ARM.Collect$$libinit$$00000002  c_p.l(libinit2.o)
    0x0000013a   0x0000013a   0x00000000   Code   RO         3196    .ARM.Collect$$libinit$$00000004  c_p.l(libinit2.o)
    0x0000013a   0x0000013a   0x00000000   Code   RO         3199    .ARM.Collect$$libinit$$0000000A  c_p.l(libinit2.o)
    0x0000013a   0x0000013a   0x00000000   Code   RO         3201    .ARM.Collect$$libinit$$0000000C  c_p.l(libinit2.o)
    0x0000013a   0x0000013a   0x00000000   Code   RO         3203    .ARM.Collect$$libinit$$0000000E  c_p.l(libinit2.o)
    0x0000013a   0x0000013a   0x00000000   Code   RO         3206    .ARM.Collect$$libinit$$00000011  c_p.l(libinit2.o)
    0x0000013a   0x0000013a   0x00000000   Code   RO         3208    .ARM.Collect$$libinit$$00000013  c_p.l(libinit2.o)
    0x0000013a   0x0000013a   0x00000000   Code   RO         3210    .ARM.Collect$$libinit$$00000015  c_p.l(libinit2.o)
    0x0000013a   0x0000013a   0x00000000   Code   RO         3212    .ARM.Collect$$libinit$$00000017  c_p.l(libinit2.o)
    0x0000013a   0x0000013a   0x00000000   Code   RO         3214    .ARM.Collect$$libinit$$00000019  c_p.l(libinit2.o)
    0x0000013a   0x0000013a   0x00000000   Code   RO         3216    .ARM.Collect$$libinit$$0000001B  c_p.l(libinit2.o)
    0x0000013a   0x0000013a   0x00000000   Code   RO         3218    .ARM.Collect$$libinit$$0000001D  c_p.l(libinit2.o)
    0x0000013a   0x0000013a   0x00000000   Code   RO         3220    .ARM.Collect$$libinit$$0000001F  c_p.l(libinit2.o)
    0x0000013a   0x0000013a   0x00000000   Code   RO         3222    .ARM.Collect$$libinit$$00000021  c_p.l(libinit2.o)
    0x0000013a   0x0000013a   0x00000000   Code   RO         3224    .ARM.Collect$$libinit$$00000023  c_p.l(libinit2.o)
    0x0000013a   0x0000013a   0x00000000   Code   RO         3226    .ARM.Collect$$libinit$$00000025  c_p.l(libinit2.o)
    0x0000013a   0x0000013a   0x00000000   Code   RO         3230    .ARM.Collect$$libinit$$0000002C  c_p.l(libinit2.o)
    0x0000013a   0x0000013a   0x00000000   Code   RO         3232    .ARM.Collect$$libinit$$0000002E  c_p.l(libinit2.o)
    0x0000013a   0x0000013a   0x00000000   Code   RO         3234    .ARM.Collect$$libinit$$00000030  c_p.l(libinit2.o)
    0x0000013a   0x0000013a   0x00000000   Code   RO         3236    .ARM.Collect$$libinit$$00000032  c_p.l(libinit2.o)
    0x0000013a   0x0000013a   0x00000002   Code   RO         3237    .ARM.Collect$$libinit$$00000033  c_p.l(libinit2.o)
    0x0000013c   0x0000013c   0x00000002   Code   RO         3268    .ARM.Collect$$libshutdown$$00000000  c_p.l(libshutdown.o)
    0x0000013e   0x0000013e   0x00000000   Code   RO         3294    .ARM.Collect$$libshutdown$$00000002  c_p.l(libshutdown2.o)
    0x0000013e   0x0000013e   0x00000000   Code   RO         3296    .ARM.Collect$$libshutdown$$00000004  c_p.l(libshutdown2.o)
    0x0000013e   0x0000013e   0x00000000   Code   RO         3298    .ARM.Collect$$libshutdown$$00000006  c_p.l(libshutdown2.o)
    0x0000013e   0x0000013e   0x00000000   Code   RO         3301    .ARM.Collect$$libshutdown$$00000009  c_p.l(libshutdown2.o)
    0x0000013e   0x0000013e   0x00000000   Code   RO         3304    .ARM.Collect$$libshutdown$$0000000C  c_p.l(libshutdown2.o)
    0x0000013e   0x0000013e   0x00000000   Code   RO         3306    .ARM.Collect$$libshutdown$$0000000E  c_p.l(libshutdown2.o)
    0x0000013e   0x0000013e   0x00000000   Code   RO         3309    .ARM.Collect$$libshutdown$$00000011  c_p.l(libshutdown2.o)
    0x0000013e   0x0000013e   0x00000002   Code   RO         3310    .ARM.Collect$$libshutdown$$00000012  c_p.l(libshutdown2.o)
    0x00000140   0x00000140   0x00000000   Code   RO         3144    .ARM.Collect$$rtentry$$00000000  c_p.l(__rtentry.o)
    0x00000140   0x00000140   0x00000000   Code   RO         3150    .ARM.Collect$$rtentry$$00000002  c_p.l(__rtentry2.o)
    0x00000140   0x00000140   0x00000006   Code   RO         3162    .ARM.Collect$$rtentry$$00000004  c_p.l(__rtentry4.o)
    0x00000146   0x00000146   0x00000000   Code   RO         3152    .ARM.Collect$$rtentry$$00000009  c_p.l(__rtentry2.o)
    0x00000146   0x00000146   0x00000004   Code   RO         3153    .ARM.Collect$$rtentry$$0000000A  c_p.l(__rtentry2.o)
    0x0000014a   0x0000014a   0x00000000   Code   RO         3155    .ARM.Collect$$rtentry$$0000000C  c_p.l(__rtentry2.o)
    0x0000014a   0x0000014a   0x00000008   Code   RO         3156    .ARM.Collect$$rtentry$$0000000D  c_p.l(__rtentry2.o)
    0x00000152   0x00000152   0x00000002   Code   RO         3185    .ARM.Collect$$rtexit$$00000000  c_p.l(rtexit.o)
    0x00000154   0x00000154   0x00000000   Code   RO         3241    .ARM.Collect$$rtexit$$00000002  c_p.l(rtexit2.o)
    0x00000154   0x00000154   0x00000004   Code   RO         3242    .ARM.Collect$$rtexit$$00000003  c_p.l(rtexit2.o)
    0x00000158   0x00000158   0x00000006   Code   RO         3243    .ARM.Collect$$rtexit$$00000004  c_p.l(rtexit2.o)
    0x0000015e   0x0000015e   0x00000002   PAD
    0x00000160   0x00000160   0x00000044   Code   RO           55    .text               startup_apm32f0xx.o
    0x000001a4   0x000001a4   0x0000015a   Code   RO         3136    .text               c_p.l(aeabi_sdiv.o)
    0x000002fe   0x000002fe   0x00000006   Code   RO         3140    .text               c_p.l(heapauxi.o)
    0x00000304   0x00000304   0x0000003e   Code   RO         3166    .text               c_p.l(sys_stackheap_outer.o)
    0x00000342   0x00000342   0x00000010   Code   RO         3169    .text               c_p.l(exit.o)
    0x00000352   0x00000352   0x00000002   PAD
    0x00000354   0x00000354   0x00000008   Code   RO         3181    .text               c_p.l(libspace.o)
    0x0000035c   0x0000035c   0x0000000c   Code   RO         3238    .text               c_p.l(sys_exit.o)
    0x00000368   0x00000368   0x00000002   Code   RO         3257    .text               c_p.l(use_no_semi.o)
    0x0000036a   0x0000036a   0x00000000   Code   RO         3259    .text               c_p.l(indicate_semi.o)
    0x0000036a   0x0000036a   0x00000068   Code   RO         2895    i.ADCCalibration    adc_handler.o
    0x000003d2   0x000003d2   0x00000002   PAD
    0x000003d4   0x000003d4   0x00000058   Code   RO         2896    i.ADCInit           adc_handler.o
    0x0000042c   0x0000042c   0x0000003c   Code   RO         2897    i.ADCIsr            adc_handler.o
    0x00000468   0x00000468   0x00000014   Code   RO           61    i.ADC_ClearIntFlag  apm32f00x_adc.o
    0x0000047c   0x0000047c   0x0000002c   Code   RO           62    i.ADC_ClearStatusFlag  apm32f00x_adc.o
    0x000004a8   0x000004a8   0x000000bc   Code   RO           63    i.ADC_Config        apm32f00x_adc.o
    0x00000564   0x00000564   0x00000018   Code   RO           69    i.ADC_ConfigStructInit  apm32f00x_adc.o
    0x0000057c   0x0000057c   0x00000014   Code   RO           70    i.ADC_Disable       apm32f00x_adc.o
    0x00000590   0x00000590   0x00000014   Code   RO           72    i.ADC_DisableCompensation  apm32f00x_adc.o
    0x000005a4   0x000005a4   0x00000014   Code   RO           77    i.ADC_Enable        apm32f00x_adc.o
    0x000005b8   0x000005b8   0x00000014   Code   RO           79    i.ADC_EnableCompensation  apm32f00x_adc.o
    0x000005cc   0x000005cc   0x00000008   Code   RO         2783    i.ADC_IRQHandler    apm32f00x_int.o
    0x000005d4   0x000005d4   0x00000038   Code   RO           86    i.ADC_ReadData      apm32f00x_adc.o
    0x0000060c   0x0000060c   0x00000018   Code   RO           87    i.ADC_ReadIntFlag   apm32f00x_adc.o
    0x00000624   0x00000624   0x00000030   Code   RO           89    i.ADC_ReadStatusFlag  apm32f00x_adc.o
    0x00000654   0x00000654   0x00000050   Code   RO           93    i.ADC_SetChannel    apm32f00x_adc.o
    0x000006a4   0x000006a4   0x0000001c   Code   RO           95    i.ADC_SetMode       apm32f00x_adc.o
    0x000006c0   0x000006c0   0x00000010   Code   RO           96    i.ADC_SetOffset     apm32f00x_adc.o
    0x000006d0   0x000006d0   0x00000014   Code   RO           97    i.ADC_StartConversion  apm32f00x_adc.o
    0x000006e4   0x000006e4   0x00000008   Code   RO            3    i.ConfigMasterClock  system_apm32f00x.o
    0x000006ec   0x000006ec   0x0000002e   Code   RO         2931    i.DC_Moto_Init      motor_ctrl.o
    0x0000071a   0x0000071a   0x0000002e   Code   RO         2932    i.DC_SetDuty        motor_ctrl.o
    0x00000748   0x00000748   0x00000084   Code   RO         2983    i.EINTA_IRQHandler  ir_handler.o
    0x000007cc   0x000007cc   0x00000010   Code   RO          347    i.EINT_ClearIntFlag  apm32f00x_eint.o
    0x000007dc   0x000007dc   0x00000088   Code   RO          348    i.EINT_Config       apm32f00x_eint.o
    0x00000864   0x00000864   0x00000008   Code   RO          603    i.GPIO_ClearBit     apm32f00x_gpio.o
    0x0000086c   0x0000086c   0x0000007e   Code   RO          604    i.GPIO_Config       apm32f00x_gpio.o
    0x000008ea   0x000008ea   0x00000014   Code   RO          608    i.GPIO_ReadInputBit  apm32f00x_gpio.o
    0x000008fe   0x000008fe   0x00000008   Code   RO          612    i.GPIO_SetBit       apm32f00x_gpio.o
    0x00000906   0x00000906   0x00000008   Code   RO          613    i.GPIO_Toggle       apm32f00x_gpio.o
    0x0000090e   0x0000090e   0x00000002   PAD
    0x00000910   0x00000910   0x00000030   Code   RO         2984    i.GetIRCommand      ir_handler.o
    0x00000940   0x00000940   0x00000002   Code   RO         2784    i.HardFault_Handler  apm32f00x_int.o
    0x00000942   0x00000942   0x00000020   Code   RO         2666    i.IWDTInit          main.o
    0x00000962   0x00000962   0x00000002   PAD
    0x00000964   0x00000964   0x0000000c   Code   RO          866    i.IWDT_Enable       apm32f00x_iwdt.o
    0x00000970   0x00000970   0x0000000c   Code   RO          867    i.IWDT_EnableWriteAccess  apm32f00x_iwdt.o
    0x0000097c   0x0000097c   0x0000000c   Code   RO          868    i.IWDT_ReloadCounter  apm32f00x_iwdt.o
    0x00000988   0x00000988   0x0000000c   Code   RO          869    i.IWDT_SetDivider   apm32f00x_iwdt.o
    0x00000994   0x00000994   0x0000000c   Code   RO          870    i.IWDT_SetReloadCounter  apm32f00x_iwdt.o
    0x000009a0   0x000009a0   0x0000002e   Code   RO         2985    i.Ir_GPIO_Init      ir_handler.o
    0x000009ce   0x000009ce   0x00000002   PAD
    0x000009d0   0x000009d0   0x00000044   Code   RO         2986    i.Ir_Timer_Init     ir_handler.o
    0x00000a14   0x00000a14   0x0000009c   Code   RO         2667    i.LIRCMeasurment    main.o
    0x00000ab0   0x00000ab0   0x00000026   Code   RO         2957    i.Light_PWM_Init    light_control.o
    0x00000ad6   0x00000ad6   0x0000001c   Code   RO         2958    i.Light_SetDuty     light_control.o
    0x00000af2   0x00000af2   0x00000002   PAD
    0x00000af4   0x00000af4   0x00000048   Code   RO            4    i.MasterClock24M    system_apm32f00x.o
    0x00000b3c   0x00000b3c   0x00000002   Code   RO         2785    i.NMI_Handler       apm32f00x_int.o
    0x00000b3e   0x00000b3e   0x00000002   PAD
    0x00000b40   0x00000b40   0x00000028   Code   RO          919    i.NVIC_EnableIRQRequest  apm32f00x_misc.o
    0x00000b68   0x00000b68   0x00000002   Code   RO         2786    i.PendSV_Handler    apm32f00x_int.o
    0x00000b6a   0x00000b6a   0x00000002   PAD
    0x00000b6c   0x00000b6c   0x0000002c   Code   RO         2987    i.ProcessIRCode     ir_handler.o
    0x00000b98   0x00000b98   0x0000004c   Code   RO          988    i.RCM_EnableAPBPeriphClock  apm32f00x_rcm.o
    0x00000be4   0x00000be4   0x00000060   Code   RO          997    i.RCM_GetMasterClockFreq  apm32f00x_rcm.o
    0x00000c44   0x00000c44   0x00000002   Code   RO         2787    i.SVC_Handler       apm32f00x_int.o
    0x00000c46   0x00000c46   0x00000002   PAD
    0x00000c48   0x00000c48   0x00000058   Code   RO         2788    i.SysTick_Handler   apm32f00x_int.o
    0x00000ca0   0x00000ca0   0x00000050   Code   RO            5    i.SystemInit        system_apm32f00x.o
    0x00000cf0   0x00000cf0   0x0000001e   Code   RO         1338    i.TMR1_ClearStatusFlag  apm32f00x_tmr1.o
    0x00000d0e   0x00000d0e   0x00000078   Code   RO         1346    i.TMR1_ConfigInputCapture  apm32f00x_tmr1.o
    0x00000d86   0x00000d86   0x0000004e   Code   RO         1347    i.TMR1_ConfigInputCapture1  apm32f00x_tmr1.o
    0x00000dd4   0x00000dd4   0x0000004e   Code   RO         1348    i.TMR1_ConfigInputCapture2  apm32f00x_tmr1.o
    0x00000e22   0x00000e22   0x0000004e   Code   RO         1349    i.TMR1_ConfigInputCapture3  apm32f00x_tmr1.o
    0x00000e70   0x00000e70   0x0000004e   Code   RO         1350    i.TMR1_ConfigInputCapture4  apm32f00x_tmr1.o
    0x00000ebe   0x00000ebe   0x0000004c   Code   RO         1365    i.TMR1_ConfigTimerBase  apm32f00x_tmr1.o
    0x00000f0a   0x00000f0a   0x0000000a   Code   RO         1367    i.TMR1_Disable      apm32f00x_tmr1.o
    0x00000f14   0x00000f14   0x00000042   Code   RO         1372    i.TMR1_DisableCompareCapture  apm32f00x_tmr1.o
    0x00000f56   0x00000f56   0x0000000c   Code   RO         1381    i.TMR1_Enable       apm32f00x_tmr1.o
    0x00000f62   0x00000f62   0x00000002   PAD
    0x00000f64   0x00000f64   0x00000018   Code   RO         1385    i.TMR1_EnableChannel  apm32f00x_tmr1.o
    0x00000f7c   0x00000f7c   0x00000008   Code   RO         1389    i.TMR1_EnableInterrupt  apm32f00x_tmr1.o
    0x00000f84   0x00000f84   0x00000014   Code   RO         1398    i.TMR1_ReadCapture1  apm32f00x_tmr1.o
    0x00000f98   0x00000f98   0x00000014   Code   RO         1399    i.TMR1_ReadCapture2  apm32f00x_tmr1.o
    0x00000fac   0x00000fac   0x00000014   Code   RO         1400    i.TMR1_ReadCapture3  apm32f00x_tmr1.o
    0x00000fc0   0x00000fc0   0x00000014   Code   RO         1401    i.TMR1_ReadCapture4  apm32f00x_tmr1.o
    0x00000fd4   0x00000fd4   0x0000003e   Code   RO         1402    i.TMR1_ReadCompareCapture  apm32f00x_tmr1.o
    0x00001012   0x00001012   0x00000032   Code   RO         1406    i.TMR1_ReadStatusFlag  apm32f00x_tmr1.o
    0x00001044   0x00001044   0x0000004c   Code   RO         2989    i.TMR1_UT_IRQHandler  ir_handler.o
    0x00001090   0x00001090   0x00000054   Code   RO         1837    i.TMR2_ConfigOutputComare1  apm32f00x_tmr2.o
    0x000010e4   0x000010e4   0x00000058   Code   RO         1838    i.TMR2_ConfigOutputComare2  apm32f00x_tmr2.o
    0x0000113c   0x0000113c   0x00000054   Code   RO         1839    i.TMR2_ConfigOutputComare3  apm32f00x_tmr2.o
    0x00001190   0x00001190   0x00000036   Code   RO         1840    i.TMR2_ConfigOutputCompare  apm32f00x_tmr2.o
    0x000011c6   0x000011c6   0x00000002   PAD
    0x000011c8   0x000011c8   0x00000028   Code   RO         1844    i.TMR2_ConfigTimerBase  apm32f00x_tmr2.o
    0x000011f0   0x000011f0   0x00000044   Code   RO         1848    i.TMR2_DisableCompareCapture  apm32f00x_tmr2.o
    0x00001234   0x00001234   0x00000014   Code   RO         1853    i.TMR2_Enable       apm32f00x_tmr2.o
    0x00001248   0x00001248   0x00000048   Code   RO         1855    i.TMR2_EnableCompareCapture  apm32f00x_tmr2.o
    0x00001290   0x00001290   0x00000044   Code   RO         1873    i.TMR2_SetCompareCapture  apm32f00x_tmr2.o
    0x000012d4   0x000012d4   0x0000022c   Code   RO         2668    i.Tick_1000ms_check_power  main.o
    0x00001500   0x00001500   0x00000178   Code   RO         2669    i.Tick_100ms_Handler  main.o
    0x00001678   0x00001678   0x00000024   Code   RO         3051    i.UART_Putc         uart.o
    0x0000169c   0x0000169c   0x0000001a   Code   RO         3052    i.UART_Puts         uart.o
    0x000016b6   0x000016b6   0x000000b4   Code   RO         3053    i.UART_itoa         uart.o
    0x0000176a   0x0000176a   0x00000002   PAD
    0x0000176c   0x0000176c   0x00000158   Code   RO         3054    i.UPrintf           uart.o
    0x000018c4   0x000018c4   0x00000032   Code   RO         2341    i.USART_ReadStatusFlag  apm32f00x_usart.o
    0x000018f6   0x000018f6   0x0000000e   Code   RO         2346    i.USART_TxData8     apm32f00x_usart.o
    0x00001904   0x00001904   0x00000014   Code   RO         2548    i.WUPT_DisableLIRCMeasurement  apm32f00x_wupt.o
    0x00001918   0x00001918   0x00000014   Code   RO         2550    i.WUPT_EnableLIRCMeasurement  apm32f00x_wupt.o
    0x0000192c   0x0000192c   0x00000078   Code   RO          923    i.__NVIC_SetPriority  apm32f00x_misc.o
    0x000019a4   0x000019a4   0x00000078   Code   RO         2670    i.__NVIC_SetPriority  main.o
    0x00001a1c   0x00001a1c   0x0000001c   Code   RO         2671    i.delay_time_1ms    main.o
    0x00001a38   0x00001a38   0x00000020   Code   RO         2845    i.gpio_deinit_in_sleep_mode  gpio.o
    0x00001a58   0x00001a58   0x0000017c   Code   RO         2846    i.gpio_init         gpio.o
    0x00001bd4   0x00001bd4   0x00000044   Code   RO         2672    i.init_system_default  main.o
    0x00001c18   0x00001c18   0x00000018   Code   RO         3104    i.led_on_time       control_led.o
    0x00001c30   0x00001c30   0x00000088   Code   RO         3105    i.led_status_control  control_led.o
    0x00001cb8   0x00001cb8   0x000001ac   Code   RO         2673    i.main              main.o
    0x00001e64   0x00001e64   0x00000084   Code   RO         2674    i.scan_IR_Code      main.o
    0x00001ee8   0x00001ee8   0x000001c0   Code   RO         2675    i.scan_button_on_board  main.o
    0x000020a8   0x000020a8   0x00000010   Code   RO         2847    i.toggle_led        gpio.o
    0x000020b8   0x000020b8   0x00000010   Code   RO         2848    i.turn_off_led      gpio.o
    0x000020c8   0x000020c8   0x00000024   Code   RO         2849    i.turn_off_leds_speed  gpio.o
    0x000020ec   0x000020ec   0x00000010   Code   RO         2850    i.turn_on_led       gpio.o
    0x000020fc   0x000020fc   0x00000020   Data   RO         3311    Region$$Table       anon$$obj.o


    Execution Region RW_IRAM1 (Exec base: 0x20000000, Load base: 0x0000211c, Size: 0x00000768, Max: 0x00001000, ABSOLUTE)

    Exec Addr    Load Addr    Size         Type   Attr      Idx    E Section Name        Object

    0x20000000   0x0000211c   0x00000014   Data   RW         2677    .data               main.o
    0x20000014   0x00002130   0x00000001   Data   RW         2898    .data               adc_handler.o
    0x20000015   0x00002131   0x00000003   PAD
    0x20000018   0x00002134   0x0000001c   Data   RW         2992    .data               ir_handler.o
    0x20000034   0x00002150   0x00000001   Data   RW         3055    .data               uart.o
    0x20000035   0x00002151   0x00000003   PAD
    0x20000038   0x00002154   0x00000004   Data   RW         3106    .data               control_led.o
    0x2000003c        -       0x00000056   Zero   RW         2676    .bss                main.o
    0x20000092        -       0x00000074   Zero   RW         2991    .bss                ir_handler.o
    0x20000106   0x00002158   0x00000002   PAD
    0x20000108        -       0x00000060   Zero   RW         3182    .bss                c_p.l(libspace.o)
    0x20000168        -       0x00000200   Zero   RW           53    HEAP                startup_apm32f0xx.o
    0x20000368        -       0x00000400   Zero   RW           52    STACK               startup_apm32f0xx.o


==============================================================================

Image component sizes


      Code (inc. data)   RO Data    RW Data    ZI Data      Debug   Object Name

       252         16          0          1          0       1761   adc_handler.o
       628         70          0          0          0      11218   apm32f00x_adc.o
       152         12          0          0          0       1962   apm32f00x_eint.o
       170          0          0          0          0       4738   apm32f00x_gpio.o
       104          8          0          0          0       2588   apm32f00x_int.o
        60         24          0          0          0       3210   apm32f00x_iwdt.o
       160         14          0          0          0       9228   apm32f00x_misc.o
       172         18          0          0          0       4000   apm32f00x_rcm.o
       850          6          0          0          0      17710   apm32f00x_tmr1.o
       578         40          0          0          0       8827   apm32f00x_tmr2.o
        64          0          0          0          0       4423   apm32f00x_usart.o
        40         10          0          0          0       1047   apm32f00x_wupt.o
       160         20          0          4          0       1183   control_led.o
       496         30          0          0          0       3528   gpio.o
       414         76          0         28        116       4105   ir_handler.o
        66          0          0          0          0       1037   light_control.o
      2344        166          0         20         86      16521   main.o
        92          0          0          0          0       1056   motor_ctrl.o
        68         32        188          0       1536        712   startup_apm32f0xx.o
       160         18          0          0          0      30533   system_apm32f00x.o
       586         12          0          1          0       4638   uart.o

    ----------------------------------------------------------------------
      7638        572        220         60       1740     134025   Object Totals
         0          0         32          0          0          0   (incl. Generated)
        22          0          0          6          2          0   (incl. Padding)

    ----------------------------------------------------------------------

      Code (inc. data)   RO Data    RW Data    ZI Data      Debug   Library Member Name

         8          0          0          0          0         68   __main.o
         0          0          0          0          0          0   __rtentry.o
        12          0          0          0          0          0   __rtentry2.o
         6          0          0          0          0          0   __rtentry4.o
        60          8          0          0          0          0   __scatter.o
        26          0          0          0          0          0   __scatter_copy.o
        28          0          0          0          0          0   __scatter_zi.o
       346          0          0          0          0         92   aeabi_sdiv.o
        16          0          0          0          0         68   exit.o
         6          0          0          0          0        136   heapauxi.o
         0          0          0          0          0          0   indicate_semi.o
         2          0          0          0          0          0   libinit.o
         2          0          0          0          0          0   libinit2.o
         2          0          0          0          0          0   libshutdown.o
         2          0          0          0          0          0   libshutdown2.o
         8          4          0          0         96         68   libspace.o
         2          0          0          0          0          0   rtexit.o
        10          0          0          0          0          0   rtexit2.o
        12          4          0          0          0         60   sys_exit.o
        62          0          0          0          0         80   sys_stackheap_outer.o
         2          0          0          0          0         68   use_no_semi.o

    ----------------------------------------------------------------------
       618         16          0          0         96        640   Library Totals
         6          0          0          0          0          0   (incl. Padding)

    ----------------------------------------------------------------------

      Code (inc. data)   RO Data    RW Data    ZI Data      Debug   Library Name

       612         16          0          0         96        640   c_p.l

    ----------------------------------------------------------------------
       618         16          0          0         96        640   Library Totals

    ----------------------------------------------------------------------

==============================================================================


      Code (inc. data)   RO Data    RW Data    ZI Data      Debug   

      8256        588        220         60       1836     129989   Grand Totals
      8256        588        220         60       1836     129989   ELF Image Totals
      8256        588        220         60          0          0   ROM Totals

==============================================================================

    Total RO  Size (Code + RO Data)                 8476 (   8.28kB)
    Total RW  Size (RW Data + ZI Data)              1896 (   1.85kB)
    Total ROM Size (Code + RO Data + RW Data)       8536 (   8.34kB)

==============================================================================

